Component: ARM Compiler 5.05 update 1 (build 106) Tool: armlink [4d0efa]

==============================================================================

Section Cross References

    main.o(i.main) refers to main.o(i.JTAG_Set) for JTAG_Set
    main.o(i.main) refers to delay.o(i.delay_init) for delay_init
    main.o(i.main) refers to misc.o(i.NVIC_PriorityGroupConfig) for NVIC_PriorityGroupConfig
    main.o(i.main) refers to usart.o(i.uart_init) for uart_init
    main.o(i.main) refers to timer.o(i.TIM6_Int_Init) for TIM6_Int_Init
    main.o(i.main) refers to lcd.o(i.LCD_Init) for LCD_Init
    main.o(i.main) refers to lcd.o(i.LCD_ShowString) for LCD_ShowString
    main.o(i.main) refers to delay.o(i.delay_ms) for delay_ms
    main.o(i.main) refers to lcd.o(i.LCD_Fill) for LCD_Fill
    main.o(i.main) refers to ov7670.o(i.OV7670_Init) for OV7670_Init
    main.o(i.main) refers to exti.o(i.EXTI11_Init) for EXTI11_Init
    main.o(i.main) refers to ov7670.o(i.OV7670_Window_Set) for OV7670_Window_Set
    main.o(i.main) refers to lcd.o(i.LCD_Clear) for LCD_Clear
    main.o(i.main) refers to l298n.o(i.Motor_start) for Motor_start
    main.o(i.main) refers to grey.o(i.cameraOperation) for cameraOperation
    main.o(i.main) refers to l298n.o(i.Motor_Stop) for Motor_Stop
    main.o(i.main) refers to noretval__2printf.o(.text) for __2printf
    main.o(i.main) refers to lcd.o(.data) for POINT_COLOR
    main.o(i.main) refers to main.o(.data) for .data
    system_stm32f10x.o(i.SystemCoreClockUpdate) refers to system_stm32f10x.o(.data) for .data
    system_stm32f10x.o(i.SystemInit) refers to system_stm32f10x.o(i.SetSysClockTo72) for SetSysClockTo72
    led.o(i.LED_Init) refers to stm32f10x_rcc.o(i.RCC_APB2PeriphClockCmd) for RCC_APB2PeriphClockCmd
    led.o(i.LED_Init) refers to stm32f10x_gpio.o(i.GPIO_Init) for GPIO_Init
    led.o(i.LED_Init) refers to stm32f10x_gpio.o(i.GPIO_SetBits) for GPIO_SetBits
    key.o(i.KEY_Init) refers to stm32f10x_rcc.o(i.RCC_APB2PeriphClockCmd) for RCC_APB2PeriphClockCmd
    key.o(i.KEY_Init) refers to stm32f10x_gpio.o(i.GPIO_Init) for GPIO_Init
    key.o(i.KEY_Scan) refers to stm32f10x_gpio.o(i.GPIO_ReadInputDataBit) for GPIO_ReadInputDataBit
    key.o(i.KEY_Scan) refers to delay.o(i.delay_ms) for delay_ms
    key.o(i.KEY_Scan) refers to key.o(.data) for .data
    lcd.o(i.LCD_Clear) refers to lcd.o(i.LCD_SetCursor) for LCD_SetCursor
    lcd.o(i.LCD_Clear) refers to lcd.o(i.LCD_WriteRAM_Prepare) for LCD_WriteRAM_Prepare
    lcd.o(i.LCD_Clear) refers to lcd.o(.bss) for .bss
    lcd.o(i.LCD_Color_Fill) refers to lcd.o(i.LCD_SetCursor) for LCD_SetCursor
    lcd.o(i.LCD_Color_Fill) refers to lcd.o(i.LCD_WriteRAM_Prepare) for LCD_WriteRAM_Prepare
    lcd.o(i.LCD_DisplayOff) refers to lcd.o(i.LCD_WriteReg) for LCD_WriteReg
    lcd.o(i.LCD_DisplayOff) refers to lcd.o(.bss) for .bss
    lcd.o(i.LCD_DisplayOn) refers to lcd.o(i.LCD_WriteReg) for LCD_WriteReg
    lcd.o(i.LCD_DisplayOn) refers to lcd.o(.bss) for .bss
    lcd.o(i.LCD_Display_Dir) refers to lcd.o(i.LCD_Scan_Dir) for LCD_Scan_Dir
    lcd.o(i.LCD_Display_Dir) refers to lcd.o(.bss) for .bss
    lcd.o(i.LCD_DrawLine) refers to lcd.o(i.LCD_DrawPoint) for LCD_DrawPoint
    lcd.o(i.LCD_DrawPoint) refers to lcd.o(i.LCD_SetCursor) for LCD_SetCursor
    lcd.o(i.LCD_DrawPoint) refers to lcd.o(i.LCD_WriteRAM_Prepare) for LCD_WriteRAM_Prepare
    lcd.o(i.LCD_DrawPoint) refers to lcd.o(.data) for .data
    lcd.o(i.LCD_DrawRectangle) refers to lcd.o(i.LCD_DrawLine) for LCD_DrawLine
    lcd.o(i.LCD_Draw_Circle) refers to lcd.o(i.LCD_DrawPoint) for LCD_DrawPoint
    lcd.o(i.LCD_Fast_DrawPoint) refers to lcd.o(i.LCD_WriteReg) for LCD_WriteReg
    lcd.o(i.LCD_Fast_DrawPoint) refers to lcd.o(.bss) for .bss
    lcd.o(i.LCD_Fill) refers to lcd.o(i.LCD_SetCursor) for LCD_SetCursor
    lcd.o(i.LCD_Fill) refers to lcd.o(i.LCD_WriteRAM_Prepare) for LCD_WriteRAM_Prepare
    lcd.o(i.LCD_Fill) refers to lcd.o(.bss) for .bss
    lcd.o(i.LCD_Init) refers to _printf_percent.o(.ARM.Collect$$_printf_percent$$00000000) for _printf_percent
    lcd.o(i.LCD_Init) refers to _printf_x.o(.ARM.Collect$$_printf_percent$$0000000C) for _printf_x
    lcd.o(i.LCD_Init) refers to _printf_hex_int.o(.text) for _printf_longlong_hex
    lcd.o(i.LCD_Init) refers to stm32f10x_rcc.o(i.RCC_AHBPeriphClockCmd) for RCC_AHBPeriphClockCmd
    lcd.o(i.LCD_Init) refers to stm32f10x_rcc.o(i.RCC_APB2PeriphClockCmd) for RCC_APB2PeriphClockCmd
    lcd.o(i.LCD_Init) refers to stm32f10x_gpio.o(i.GPIO_Init) for GPIO_Init
    lcd.o(i.LCD_Init) refers to stm32f10x_fsmc.o(i.FSMC_NORSRAMInit) for FSMC_NORSRAMInit
    lcd.o(i.LCD_Init) refers to stm32f10x_fsmc.o(i.FSMC_NORSRAMCmd) for FSMC_NORSRAMCmd
    lcd.o(i.LCD_Init) refers to delay.o(i.delay_ms) for delay_ms
    lcd.o(i.LCD_Init) refers to lcd.o(i.LCD_ReadReg) for LCD_ReadReg
    lcd.o(i.LCD_Init) refers to lcd.o(i.LCD_RD_DATA) for LCD_RD_DATA
    lcd.o(i.LCD_Init) refers to noretval__2printf.o(.text) for __2printf
[...]
    i.UsageFault_Handler                     0x08006018   Section        0  stm32f10x_it.o(i.UsageFault_Handler)
    i.__ARM_fpclassify                       0x0800601a   Section        0  fpclassify.o(i.__ARM_fpclassify)
    i._is_digit                              0x08006042   Section        0  __printf_wp.o(i._is_digit)
    i._sys_exit                              0x08006050   Section        0  usart.o(i._sys_exit)
    i.cameraOperation                        0x08006054   Section        0  grey.o(i.cameraOperation)
    i.cameraRefresh                          0x0800610c   Section        0  grey.o(i.cameraRefresh)
    i.delay_init                             0x08006230   Section        0  delay.o(i.delay_init)
    i.delay_ms                               0x0800626c   Section        0  delay.o(i.delay_ms)
    i.delay_us                               0x080062a0   Section        0  delay.o(i.delay_us)
    i.forward_ten                            0x080062d4   Section        0  move.o(i.forward_ten)
    i.fputc                                  0x0800630c   Section        0  usart.o(i.fputc)
    i.getCmdByDeviLoc                        0x08006324   Section        0  grey.o(i.getCmdByDeviLoc)
    i.getCmdBySlope                          0x08006454   Section        0  sendcmd.o(i.getCmdBySlope)
    i.getLineEdge                            0x08006578   Section        0  grey.o(i.getLineEdge)
    i.getLineLocCompare2MidLine              0x0800668c   Section        0  grey.o(i.getLineLocCompare2MidLine)
    i.getLineWidth                           0x08006820   Section        0  grey.o(i.getLineWidth)
    i.getOneSideUsefulLine                   0x080068a4   Section        0  grey.o(i.getOneSideUsefulLine)
    i.getUsefulLine                          0x080069a8   Section        0  grey.o(i.getUsefulLine)
    i.main                                   0x08006a80   Section        0  main.o(i.main)
    i.memsetBothBlackLoc                     0x08006bbc   Section        0  grey.o(i.memsetBothBlackLoc)
    i.monitor_PWM_Init                       0x08006bd8   Section        0  timer.o(i.monitor_PWM_Init)
    i.motation                               0x08006c9c   Section        0  move.o(i.motation)
    i.move_for_fencha                        0x08006d04   Section        0  move.o(i.move_for_fencha)
    i.print2lcd                              0x08006d24   Section        0  move.o(i.print2lcd)
    i.printStopMess                          0x08006e68   Section        0  move.o(i.printStopMess)
    i.read_addr                              0x08006ed0   Section        0  usmart.o(i.read_addr)
    i.regression                             0x08006ed4   Section        0  leastsquare.o(i.regression)
    i.right_add                              0x080070a4   Section        0  l298n.o(i.right_add)
    i.turn2L                                 0x08007148   Section        0  move.o(i.turn2L)
    i.turn2R                                 0x08007170   Section        0  move.o(i.turn2R)
    i.uart_init                              0x08007198   Section        0  usart.o(i.uart_init)
    i.usmart_cmd_rec                         0x08007238   Section        0  usmart.o(i.usmart_cmd_rec)
    i.usmart_exe                             0x080072cc   Section        0  usmart.o(i.usmart_exe)
    i.usmart_get_aparm                       0x0800752c   Section        0  usmart_str.o(i.usmart_get_aparm)
    i.usmart_get_cmdname                     0x080075c8   Section        0  usmart_str.o(i.usmart_get_cmdname)
    i.usmart_get_fname                       0x080075f8   Section        0  usmart_str.o(i.usmart_get_fname)
    i.usmart_get_fparam                      0x08007760   Section        0  usmart_str.o(i.usmart_get_fparam)
    i.usmart_get_parmpos                     0x08007830   Section        0  usmart_str.o(i.usmart_get_parmpos)
    i.usmart_get_runtime                     0x08007854   Section        0  usmart.o(i.usmart_get_runtime)
    i.usmart_init                            0x0800788c   Section        0  usmart.o(i.usmart_init)
    i.usmart_pow                             0x080078b4   Section        0  usmart_str.o(i.usmart_pow)
    i.usmart_reset_runtime                   0x080078c4   Section        0  usmart.o(i.usmart_reset_runtime)
    i.usmart_scan                            0x080078f4   Section        0  usmart.o(i.usmart_scan)
    i.usmart_search_nextc                    0x08007998   Section        0  usmart_str.o(i.usmart_search_nextc)
    i.usmart_str2num                         0x080079a8   Section        0  usmart_str.o(i.usmart_str2num)
    i.usmart_strcmp                          0x08007a48   Section        0  usmart_str.o(i.usmart_strcmp)
    i.usmart_strcopy                         0x08007a60   Section        0  usmart_str.o(i.usmart_strcopy)
    i.usmart_strlen                          0x08007a72   Section        0  usmart_str.o(i.usmart_strlen)
    i.usmart_sys_cmd_exe                     0x08007a84   Section        0  usmart.o(i.usmart_sys_cmd_exe)
    i.write_addr                             0x080080f4   Section        0  usmart.o(i.write_addr)
    locale$$code                             0x080080f8   Section       44  lc_numeric_c.o(locale$$code)
    x$fpl$dadd                               0x08008124   Section      336  daddsub_clz.o(x$fpl$dadd)
    _dadd1                                   0x08008135   Thumb Code     0  daddsub_clz.o(x$fpl$dadd)
    x$fpl$dcmpinf                            0x08008274   Section       24  dcmpi.o(x$fpl$dcmpinf)
    x$fpl$ddiv                               0x0800828c   Section      688  ddiv.o(x$fpl$ddiv)
    ddiv_entry                               0x08008293   Thumb Code     0  ddiv.o(x$fpl$ddiv)
    x$fpl$deqf                               0x0800853c   Section      120  deqf.o(x$fpl$deqf)
    x$fpl$dfix                               0x080085b4   Section       94  dfix.o(x$fpl$dfix)
    x$fpl$dfixu                              0x08008614   Section       90  dfixu.o(x$fpl$dfixu)
    x$fpl$dflt                               0x0800866e   Section       46  dflt_clz.o(x$fpl$dflt)
    x$fpl$dfltu                              0x0800869c   Section       38  dflt_clz.o(x$fpl$dfltu)
    x$fpl$dleqf                              0x080086c4   Section      120  dleqf.o(x$fpl$dleqf)
    x$fpl$dmul                               0x0800873c   Section      340  dmul.o(x$fpl$dmul)
    x$fpl$dnaninf                            0x08008890   Section      156  dnaninf.o(x$fpl$dnaninf)
    x$fpl$dretinf                            0x0800892c   Section       12  dretinf.o(x$fpl$dretinf)
    x$fpl$drleqf                             0x08008938   Section      108  drleqf.o(x$fpl$drleqf)
    x$fpl$drsb                               0x080089a4   Section       22  daddsub_clz.o(x$fpl$drsb)
    x$fpl$dsub                               0x080089bc   Section      468  daddsub_clz.o(x$fpl$dsub)
    _dsub1                                   0x080089cd   Thumb Code     0  daddsub_clz.o(x$fpl$dsub)
    x$fpl$printf1                            0x08008b90   Section        4  printf1.o(x$fpl$printf1)
    .constdata                               0x08008b94   Section     6080  lcd.o(.constdata)
    x$fpl$usenofp                            0x08008b94   Section        0  usenofp.o(x$fpl$usenofp)
    .constdata                               0x0800a354   Section      342  ov7670.o(.constdata)
    .constdata                               0x0800a4aa   Section       40  _printf_hex_int.o(.constdata)
    uc_hextab                                0x0800a4aa   Data          20  _printf_hex_int.o(.constdata)
    lc_hextab                                0x0800a4be   Data          20  _printf_hex_int.o(.constdata)
    .constdata                               0x0800a4d2   Section       17  __printf_flags_ss_wp.o(.constdata)
    maptable                                 0x0800a4d2   Data          17  __printf_flags_ss_wp.o(.constdata)
    .constdata                               0x0800a4e4   Section      148  bigflt0.o(.constdata)
    tenpwrs_x                                0x0800a4e4   Data          60  bigflt0.o(.constdata)
    tenpwrs_i                                0x0800a520   Data          64  bigflt0.o(.constdata)
    .conststring                             0x0800a578   Section       40  usmart.o(.conststring)
    .conststring                             0x0800a5a0   Section      223  usmart_config.o(.conststring)
    locale$$data                             0x0800a6a0   Section       28  lc_numeric_c.o(locale$$data)
    __lcnum_c_name                           0x0800a6a4   Data           2  lc_numeric_c.o(locale$$data)
    __lcnum_c_start                          0x0800a6ac   Data           0  lc_numeric_c.o(locale$$data)
    __lcnum_c_point                          0x0800a6b8   Data           0  lc_numeric_c.o(locale$$data)
    __lcnum_c_thousands                      0x0800a6ba   Data           0  lc_numeric_c.o(locale$$data)
    __lcnum_c_grouping                       0x0800a6bb   Data           0  lc_numeric_c.o(locale$$data)
    __lcnum_c_end                            0x0800a6bc   Data           0  lc_numeric_c.o(locale$$data)
    .data                                    0x20000000   Section        1  main.o(.data)
    .data                                    0x20000004   Section        4  main.o(.data)
    .data                                    0x20000008   Section       20  system_stm32f10x.o(.data)
    .data                                    0x2000001c   Section        4  lcd.o(.data)
    .data                                    0x20000020   Section        1  exti.o(.data)
    .data                                    0x20000022   Section        4  timer.o(.data)
    .data                                    0x20000028   Section       16  grey.o(.data)
    line2stop                                0x2000002e   Data           1  grey.o(.data)
    slope2stop                               0x2000002f   Data           1  grey.o(.data)
    .data                                    0x20000038   Section        8  leastsquare.o(.data)
    .data                                    0x20000040   Section        4  leastsquare.o(.data)
    .data                                    0x20000044   Section        1  move.o(.data)
    .data                                    0x20000048   Section        8  l298n.o(.data)
    .data                                    0x20000050   Section        4  delay.o(.data)
    fac_us                                   0x20000050   Data           1  delay.o(.data)
    fac_ms                                   0x20000052   Data           2  delay.o(.data)
    .data                                    0x20000054   Section        2  usart.o(.data)
    .data                                    0x20000058   Section        4  usart.o(.data)
    .data                                    0x2000005c   Section       20  stm32f10x_rcc.o(.data)
    ADCPrescTable                            0x2000005c   Data           4  stm32f10x_rcc.o(.data)
    APBAHBPrescTable                         0x20000060   Data          16  stm32f10x_rcc.o(.data)
    .data                                    0x20000070   Section       28  usmart.o(.data)
    .data                                    0x2000008c   Section       56  usmart_config.o(.data)
    .data                                    0x200000c4   Section      244  usmart_config.o(.data)
    .bss                                     0x200001b8   Section       14  lcd.o(.bss)
    .bss                                     0x200001c6   Section     9680  grey.o(.bss)
    .bss                                     0x20002796   Section      200  usart.o(.bss)
    .bss                                     0x20002860   Section       96  libspace.o(.bss)
    HEAP                                     0x200028c0   Section        0  startup_stm32f10x_hd.o(HEAP)
    STACK                                    0x200028c0   Section     1024  startup_stm32f10x_hd.o(STACK)
    Heap_Mem                                 0x200028c0   Data           0  startup_stm32f10x_hd.o(HEAP)
    Stack_Mem                                0x200028c0   Data        1024  startup_stm32f10x_hd.o(STACK)
    __initial_sp                             0x20002cc0   Data           0  startup_stm32f10x_hd.o(STACK)

    Global Symbols

    Symbol Name                              Value     Ov Type        Size  Object(Section)

    BuildAttributes$$THM_ISAv4$P$D$K$B$S$PE$A:L22UL41UL21$X:L11$S22US41US21$IEEE1$IW$USESV6$~STKCKD$USESV7$~SHL$OTIME$ROPI$IEEEJ$EBA8$UX$STANDARDLIB$REQ8$PRES8$EABIv2 0x00000000   Number         0  anon$$obj.o ABSOLUTE
    __ARM_use_no_argv                        0x00000000   Number         0  main.o ABSOLUTE
    _printf_flags                            0x00000000   Number         0  printf_stubs.o ABSOLUTE
    _printf_return_value                     0x00000000   Number         0  printf_stubs.o ABSOLUTE
    _printf_sizespec                         0x00000000   Number         0  printf_stubs.o ABSOLUTE
    _printf_widthprec                        0x00000000   Number         0  printf_stubs.o ABSOLUTE
    __ARM_exceptions_init                     - Undefined Weak Reference
    __alloca_initialize                       - Undefined Weak Reference
    __arm_preinit_                            - Undefined Weak Reference
    __cpp_initialize__aeabi_                  - Undefined Weak Reference
    __cxa_finalize                            - Undefined Weak Reference
    __sigvec_lookup                           - Undefined Weak Reference
    _atexit_init                              - Undefined Weak Reference
    _call_atexit_fns                          - Undefined Weak Reference
    _clock_init                               - Undefined Weak Reference
    _fp_trap_init                             - Undefined Weak Reference
    _fp_trap_shutdown                         - Undefined Weak Reference
    _get_lc_collate                           - Undefined Weak Reference
    _get_lc_ctype                             - Undefined Weak Reference
    _get_lc_monetary                          - Undefined Weak Reference
    _get_lc_time                              - Undefined Weak Reference
    _getenv_init                              - Undefined Weak Reference
    _handle_redirection                       - Undefined Weak Reference
    _init_alloc                               - Undefined Weak Reference
    _init_user_alloc                          - Undefined Weak Reference
    _initio                                   - Undefined Weak Reference
    _mutex_acquire                            - Undefined Weak Reference
    _mutex_release                            - Undefined Weak Reference
    _printf_mbtowc                            - Undefined Weak Reference
    _printf_truncate_signed                   - Undefined Weak Reference
    _printf_truncate_unsigned                 - Undefined Weak Reference
    _rand_init                                - Undefined Weak Reference
    _signal_finish                            - Undefined Weak Reference
    _signal_init                              - Undefined Weak Reference
    _terminate_alloc                          - Undefined Weak Reference
    _terminate_user_alloc                     - Undefined Weak Reference
    _terminateio                              - Undefined Weak Reference
    __Vectors_Size                           0x00000130   Number         0  startup_stm32f10x_hd.o ABSOLUTE
    __Vectors                                0x08000000   Data           4  startup_stm32f10x_hd.o(RESET)
    __Vectors_End                            0x08000130   Data           0  startup_stm32f10x_hd.o(RESET)
    __main                                   0x08000131   Thumb Code     8  __main.o(!!!main)
    __scatterload                            0x08000139   Thumb Code     0  __scatter.o(!!!scatter)
    __scatterload_rt2                        0x08000139   Thumb Code    44  __scatter.o(!!!scatter)
    __scatterload_rt2_thumb_only             0x08000139   Thumb Code     0  __scatter.o(!!!scatter)
    __scatterload_null                       0x08000147   Thumb Code     0  __scatter.o(!!!scatter)
    __decompress                             0x0800016d   Thumb Code    90  __dczerorl2.o(!!dczerorl2)
    __decompress1                            0x0800016d   Thumb Code     0  __dczerorl2.o(!!dczerorl2)
    __scatterload_zeroinit                   0x080001c9   Thumb Code    28  __scatter_zi.o(!!handler_zi)
    _printf_f                                0x080001e5   Thumb Code     0  _printf_f.o(.ARM.Collect$$_printf_percent$$00000003)
    _printf_percent                          0x080001e5   Thumb Code     0  _printf_percent.o(.ARM.Collect$$_printf_percent$$00000000)
    _printf_d                                0x080001eb   Thumb Code     0  _printf_d.o(.ARM.Collect$$_printf_percent$$00000009)
    _printf_u                                0x080001f1   Thumb Code     0  _printf_u.o(.ARM.Collect$$_printf_percent$$0000000A)
    _printf_x                                0x080001f7   Thumb Code     0  _printf_x.o(.ARM.Collect$$_printf_percent$$0000000C)
    _printf_c                                0x080001fd   Thumb Code     0  _printf_c.o(.ARM.Collect$$_printf_percent$$00000013)
    _printf_s                                0x08000203   Thumb Code     0  _printf_s.o(.ARM.Collect$$_printf_percent$$00000014)
    _printf_percent_end                      0x08000209   Thumb Code     0  _printf_percent_end.o(.ARM.Collect$$_printf_percent$$00000017)
    __rt_lib_init                            0x0800020d   Thumb Code     0  libinit.o(.ARM.Collect$$libinit$$00000000)
    __rt_lib_init_fp_1                       0x0800020f   Thumb Code     0  libinit2.o(.ARM.Collect$$libinit$$00000002)
    __rt_lib_init_heap_1                     0x0800020f   Thumb Code     0  libinit2.o(.ARM.Collect$$libinit$$0000000A)
    __rt_lib_init_lc_common                  0x0800020f   Thumb Code     0  libinit2.o(.ARM.Collect$$libinit$$0000000F)
    __rt_lib_init_preinit_1                  0x0800020f   Thumb Code     0  libinit2.o(.ARM.Collect$$libinit$$00000004)
    __rt_lib_init_rand_1                     0x0800020f   Thumb Code     0  libinit2.o(.ARM.Collect$$libinit$$0000000E)
    __rt_lib_init_user_alloc_1               0x0800020f   Thumb Code     0  libinit2.o(.ARM.Collect$$libinit$$0000000C)
    __rt_lib_init_lc_collate_1               0x08000215   Thumb Code     0  libinit2.o(.ARM.Collect$$libinit$$00000011)
    __rt_lib_init_lc_ctype_1                 0x08000215   Thumb Code     0  libinit2.o(.ARM.Collect$$libinit$$00000013)
    __rt_lib_init_lc_monetary_1              0x08000215   Thumb Code     0  libinit2.o(.ARM.Collect$$libinit$$00000015)
    __rt_lib_init_lc_numeric_2               0x08000215   Thumb Code     0  libinit2.o(.ARM.Collect$$libinit$$00000016)
    __rt_lib_init_alloca_1                   0x0800021f   Thumb Code     0  libinit2.o(.ARM.Collect$$libinit$$0000002E)
    __rt_lib_init_argv_1                     0x0800021f   Thumb Code     0  libinit2.o(.ARM.Collect$$libinit$$0000002C)
    __rt_lib_init_atexit_1                   0x0800021f   Thumb Code     0  libinit2.o(.ARM.Collect$$libinit$$0000001B)
    __rt_lib_init_clock_1                    0x0800021f   Thumb Code     0  libinit2.o(.ARM.Collect$$libinit$$00000021)
    __rt_lib_init_cpp_1                      0x0800021f   Thumb Code     0  libinit2.o(.ARM.Collect$$libinit$$00000032)
    __rt_lib_init_exceptions_1               0x0800021f   Thumb Code     0  libinit2.o(.ARM.Collect$$libinit$$00000030)
    __rt_lib_init_fp_trap_1                  0x0800021f   Thumb Code     0  libinit2.o(.ARM.Collect$$libinit$$0000001F)
    __rt_lib_init_getenv_1                   0x0800021f   Thumb Code     0  libinit2.o(.ARM.Collect$$libinit$$00000023)
    __rt_lib_init_lc_numeric_1               0x0800021f   Thumb Code     0  libinit2.o(.ARM.Collect$$libinit$$00000017)
    __rt_lib_init_lc_time_1                  0x0800021f   Thumb Code     0  libinit2.o(.ARM.Collect$$libinit$$00000019)
    __rt_lib_init_return                     0x0800021f   Thumb Code     0  libinit2.o(.ARM.Collect$$libinit$$00000033)
    __rt_lib_init_signal_1                   0x0800021f   Thumb Code     0  libinit2.o(.ARM.Collect$$libinit$$0000001D)
    __rt_lib_init_stdio_1                    0x0800021f   Thumb Code     0  libinit2.o(.ARM.Collect$$libinit$$00000025)
    __rt_lib_shutdown                        0x08000221   Thumb Code     0  libshutdown.o(.ARM.Collect$$libshutdown$$00000000)
    __rt_lib_shutdown_fp_trap_1              0x08000223   Thumb Code     0  libshutdown2.o(.ARM.Collect$$libshutdown$$00000006)
    __rt_lib_shutdown_heap_1                 0x08000223   Thumb Code     0  libshutdown2.o(.ARM.Collect$$libshutdown$$0000000E)
    __rt_lib_shutdown_return                 0x08000223   Thumb Code     0  libshutdown2.o(.ARM.Collect$$libshutdown$$0000000F)
    __rt_lib_shutdown_signal_1               0x08000223   Thumb Code     0  libshutdown2.o(.ARM.Collect$$libshutdown$$00000009)
    __rt_lib_shutdown_stdio_1                0x08000223   Thumb Code     0  libshutdown2.o(.ARM.Collect$$libshutdown$$00000003)
    __rt_lib_shutdown_user_alloc_1           0x08000223   Thumb Code     0  libshutdown2.o(.ARM.Collect$$libshutdown$$0000000B)
    __rt_entry                               0x08000225   Thumb Code     0  __rtentry.o(.ARM.Collect$$rtentry$$00000000)
    __rt_entry_presh_1                       0x08000225   Thumb Code     0  __rtentry2.o(.ARM.Collect$$rtentry$$00000002)
    __rt_entry_sh                            0x08000225   Thumb Code     0  __rtentry4.o(.ARM.Collect$$rtentry$$00000004)
    __rt_entry_li                            0x0800022b   Thumb Code     0  __rtentry2.o(.ARM.Collect$$rtentry$$0000000A)
    __rt_entry_postsh_1                      0x0800022b   Thumb Code     0  __rtentry2.o(.ARM.Collect$$rtentry$$00000009)
    __rt_entry_main                          0x0800022f   Thumb Code     0  __rtentry2.o(.ARM.Collect$$rtentry$$0000000D)
    __rt_entry_postli_1                      0x0800022f   Thumb Code     0  __rtentry2.o(.ARM.Collect$$rtentry$$0000000C)
    __rt_exit                                0x08000237   Thumb Code     0  rtexit.o(.ARM.Collect$$rtexit$$00000000)
    __rt_exit_ls                             0x08000239   Thumb Code     0  rtexit2.o(.ARM.Collect$$rtexit$$00000003)
    __rt_exit_prels_1                        0x08000239   Thumb Code     0  rtexit2.o(.ARM.Collect$$rtexit$$00000002)
    __rt_exit_exit                           0x0800023d   Thumb Code     0  rtexit2.o(.ARM.Collect$$rtexit$$00000004)
    Reset_Handler                            0x08000245   Thumb Code     8  startup_stm32f10x_hd.o(.text)
    ADC1_2_IRQHandler                        0x0800025f   Thumb Code     0  startup_stm32f10x_hd.o(.text)
    ADC3_IRQHandler                          0x0800025f   Thumb Code     0  startup_stm32f10x_hd.o(.text)
    CAN1_RX1_IRQHandler                      0x0800025f   Thumb Code     0  startup_stm32f10x_hd.o(.text)
    CAN1_SCE_IRQHandler                      0x0800025f   Thumb Code     0  startup_stm32f10x_hd.o(.text)
    DMA1_Channel1_IRQHandler                 0x0800025f   Thumb Code     0  startup_stm32f10x_hd.o(.text)
    DMA1_Channel2_IRQHandler                 0x0800025f   Thumb Code     0  startup_stm32f10x_hd.o(.text)
    DMA1_Channel3_IRQHandler                 0x0800025f   Thumb Code     0  startup_stm32f10x_hd.o(.text)
    DMA1_Channel4_IRQHandler                 0x0800025f   Thumb Code     0  startup_stm32f10x_hd.o(.text)
    DMA1_Channel5_IRQHandler                 0x0800025f   Thumb Code     0  startup_stm32f10x_hd.o(.text)
    DMA1_Channel6_IRQHandler                 0x0800025f   Thumb Code     0  startup_stm32f10x_hd.o(.text)
    DMA1_Channel7_IRQHandler                 0x0800025f   Thumb Code     0  startup_stm32f10x_hd.o(.text)
    DMA2_Channel1_IRQHandler                 0x0800025f   Thumb Code     0  startup_stm32f10x_hd.o(.text)
    DMA2_Channel2_IRQHandler                 0x0800025f   Thumb Code     0  startup_stm32f10x_hd.o(.text)
    DMA2_Channel3_IRQHandler                 0x0800025f   Thumb Code     0  startup_stm32f10x_hd.o(.text)
    DMA2_Channel4_5_IRQHandler               0x0800025f   Thumb Code     0  startup_stm32f10x_hd.o(.text)
    EXTI1_IRQHandler                         0x0800025f   Thumb Code     0  startup_stm32f10x_hd.o(.text)
    EXTI9_5_IRQHandler                       0x0800025f   Thumb Code     0  startup_stm32f10x_hd.o(.text)
    FLASH_IRQHandler                         0x0800025f   Thumb Code     0  startup_stm32f10x_hd.o(.text)
    FSMC_IRQHandler                          0x0800025f   Thumb Code     0  startup_stm32f10x_hd.o(.text)
    I2C1_ER_IRQHandler                       0x0800025f   Thumb Code     0  startup_stm32f10x_hd.o(.text)
    I2C1_EV_IRQHandler                       0x0800025f   Thumb Code     0  startup_stm32f10x_hd.o(.text)
    I2C2_ER_IRQHandler                       0x0800025f   Thumb Code     0  startup_stm32f10x_hd.o(.text)
    I2C2_EV_IRQHandler                       0x0800025f   Thumb Code     0  startup_stm32f10x_hd.o(.text)
    PVD_IRQHandler                           0x0800025f   Thumb Code     0  startup_stm32f10x_hd.o(.text)
    RCC_IRQHandler                           0x0800025f   Thumb Code     0  startup_stm32f10x_hd.o(.text)
    RTCAlarm_IRQHandler                      0x0800025f   Thumb Code     0  startup_stm32f10x_hd.o(.text)
    RTC_IRQHandler                           0x0800025f   Thumb Code     0  startup_stm32f10x_hd.o(.text)
    SDIO_IRQHandler                          0x0800025f   Thumb Code     0  startup_stm32f10x_hd.o(.text)
    SPI1_IRQHandler                          0x0800025f   Thumb Code     0  startup_stm32f10x_hd.o(.text)
    SPI2_IRQHandler                          0x0800025f   Thumb Code     0  startup_stm32f10x_hd.o(.text)
    SPI3_IRQHandler                          0x0800025f   Thumb Code     0  startup_stm32f10x_hd.o(.text)
    TAMPER_IRQHandler                        0x0800025f   Thumb Code     0  startup_stm32f10x_hd.o(.text)
    TIM1_BRK_IRQHandler                      0x0800025f   Thumb Code     0  startup_stm32f10x_hd.o(.text)
    TIM1_CC_IRQHandler                       0x0800025f   Thumb Code     0  startup_stm32f10x_hd.o(.text)
    TIM1_TRG_COM_IRQHandler                  0x0800025f   Thumb Code     0  startup_stm32f10x_hd.o(.text)
    TIM1_UP_IRQHandler                       0x0800025f   Thumb Code     0  startup_stm32f10x_hd.o(.text)
    TIM2_IRQHandler                          0x0800025f   Thumb Code     0  startup_stm32f10x_hd.o(.text)
    TIM7_IRQHandler                          0x0800025f   Thumb Code     0  startup_stm32f10x_hd.o(.text)
    TIM8_BRK_IRQHandler                      0x0800025f   Thumb Code     0  startup_stm32f10x_hd.o(.text)
    TIM8_CC_IRQHandler                       0x0800025f   Thumb Code     0  startup_stm32f10x_hd.o(.text)
    TIM8_TRG_COM_IRQHandler                  0x0800025f   Thumb Code     0  startup_stm32f10x_hd.o(.text)
    TIM8_UP_IRQHandler                       0x0800025f   Thumb Code     0  startup_stm32f10x_hd.o(.text)
    UART4_IRQHandler                         0x0800025f   Thumb Code     0  startup_stm32f10x_hd.o(.text)
    UART5_IRQHandler                         0x0800025f   Thumb Code     0  startup_stm32f10x_hd.o(.text)
    USART2_IRQHandler                        0x0800025f   Thumb Code     0  startup_stm32f10x_hd.o(.text)
    USART3_IRQHandler                        0x0800025f   Thumb Code     0  startup_stm32f10x_hd.o(.text)
    USBWakeUp_IRQHandler                     0x0800025f   Thumb Code     0  startup_stm32f10x_hd.o(.text)
    USB_HP_CAN1_TX_IRQHandler                0x0800025f   Thumb Code     0  startup_stm32f10x_hd.o(.text)
    USB_LP_CAN1_RX0_IRQHandler               0x0800025f   Thumb Code     0  startup_stm32f10x_hd.o(.text)
    WWDG_IRQHandler                          0x0800025f   Thumb Code     0  startup_stm32f10x_hd.o(.text)
    __user_initial_stackheap                 0x08000261   Thumb Code     0  startup_stm32f10x_hd.o(.text)
    __use_no_semihosting                     0x08000281   Thumb Code     2  use_no_semi_2.o(.text)
    __2printf                                0x08000285   Thumb Code    20  noretval__2printf.o(.text)
    __2sprintf                               0x0800029d   Thumb Code    34  noretval__2sprintf.o(.text)
    _printf_pre_padding                      0x080002c5   Thumb Code    44  _printf_pad.o(.text)
    _printf_post_padding                     0x080002f1   Thumb Code    34  _printf_pad.o(.text)
    _printf_str                              0x08000313   Thumb Code    82  _printf_str.o(.text)
    _printf_int_dec                          0x08000365   Thumb Code   104  _printf_dec.o(.text)
    _printf_int_hex                          0x080003dd   Thumb Code    84  _printf_hex_int.o(.text)
    _printf_longlong_hex                     0x080003dd   Thumb Code     0  _printf_hex_int.o(.text)
    __printf                                 0x08000435   Thumb Code   388  __printf_flags_ss_wp.o(.text)
    strlen                                   0x080005bd   Thumb Code    62  strlen.o(.text)
    __aeabi_memclr                           0x080005fb   Thumb Code     0  rt_memclr.o(.text)
    __rt_memclr                              0x080005fb   Thumb Code    68  rt_memclr.o(.text)
    _memset                                  0x080005ff   Thumb Code     0  rt_memclr.o(.text)
    __aeabi_memclr4                          0x0800063f   Thumb Code     0  rt_memclr_w.o(.text)
    __aeabi_memclr8                          0x0800063f   Thumb Code     0  rt_memclr_w.o(.text)
    __rt_memclr_w                            0x0800063f   Thumb Code    78  rt_memclr_w.o(.text)
    _memset_w                                0x08000643   Thumb Code     0  rt_memclr_w.o(.text)
    strncpy                                  0x0800068d   Thumb Code    86  strncpy.o(.text)
    __use_two_region_memory                  0x080006e3   Thumb Code     2  heapauxi.o(.text)
    __rt_heap_escrow$2region                 0x080006e5   Thumb Code     2  heapauxi.o(.text)
    __rt_heap_expand$2region                 0x080006e7   Thumb Code     2  heapauxi.o(.text)
    __I$use$semihosting                      0x080006e9   Thumb Code     0  use_no_semi.o(.text)
    __use_no_semihosting_swi                 0x080006e9   Thumb Code     2  use_no_semi.o(.text)
    _printf_int_common                       0x080006eb   Thumb Code   178  _printf_intcommon.o(.text)
    __lib_sel_fp_printf                      0x0800079d   Thumb Code     2  _printf_fp_dec.o(.text)
    _printf_fp_dec_real                      0x0800094b   Thumb Code   620  _printf_fp_dec.o(.text)
    _printf_char_common                      0x08000bc3   Thumb Code    32  _printf_char_common.o(.text)
    _sputc                                   0x08000be9   Thumb Code    10  _sputc.o(.text)
    _printf_cs_common                        0x08000bf3   Thumb Code    20  _printf_char.o(.text)
    _printf_char                             0x08000c07   Thumb Code    16  _printf_char.o(.text)
    _printf_string                           0x08000c17   Thumb Code     8  _printf_char.o(.text)
    _printf_char_file                        0x08000c21   Thumb Code    32  _printf_char_file.o(.text)
    __rt_locale                              0x08000c45   Thumb Code     8  rt_locale_intlibspace.o(.text)
    _ll_udiv10                               0x08000c4d   Thumb Code   138  lludiv10.o(.text)
    _printf_fp_infnan                        0x08000cd9   Thumb Code   112  _printf_fp_infnan.o(.text)
    _btod_etento                             0x08000d59   Thumb Code   216  bigflt0.o(.text)
    ferror                                   0x08000e35   Thumb Code     8  ferror.o(.text)
    __user_libspace                          0x08000e3d   Thumb Code     8  libspace.o(.text)
    __user_perproc_libspace                  0x08000e3d   Thumb Code     0  libspace.o(.text)
    __user_perthread_libspace                0x08000e3d   Thumb Code     0  libspace.o(.text)
    __user_setup_stackheap                   0x08000e45   Thumb Code    74  sys_stackheap_outer.o(.text)
    exit                                     0x08000e8f   Thumb Code    12  exit.o(.text)
    strcmp                                   0x08000e9d   Thumb Code   128  strcmpv7m.o(.text)
    _btod_d2e                                0x08000f1d   Thumb Code    62  btod.o(CL$$btod_d2e)
    _d2e_denorm_low                          0x08000f5b   Thumb Code    70  btod.o(CL$$btod_d2e_denorm_low)
    _d2e_norm_op1                            0x08000fa1   Thumb Code    96  btod.o(CL$$btod_d2e_norm_op1)
    __btod_div_common                        0x08001001   Thumb Code   696  btod.o(CL$$btod_div_common)
    _e2e                                     0x08001339   Thumb Code   198  btod.o(CL$$btod_e2e)
    _btod_ediv                               0x080013ff   Thumb Code    40  btod.o(CL$$btod_ediv)
    _btod_emul                               0x08001427   Thumb Code    40  btod.o(CL$$btod_emul)
    __btod_mult_common                       0x0800144f   Thumb Code   580  btod.o(CL$$btod_mult_common)
    BusFault_Handler                         0x08001693   Thumb Code     2  stm32f10x_it.o(i.BusFault_Handler)
    DebugMon_Handler                         0x08001695   Thumb Code     2  stm32f10x_it.o(i.DebugMon_Handler)
    EXTI0_IRQHandler                         0x08001699   Thumb Code    48  exti.o(i.EXTI0_IRQHandler)
    EXTI11_Init                              0x080016d1   Thumb Code    66  exti.o(i.EXTI11_Init)
    EXTI15_10_IRQHandler                     0x08001715   Thumb Code    52  exti.o(i.EXTI15_10_IRQHandler)
    EXTI2_IRQHandler                         0x08001751   Thumb Code    46  exti.o(i.EXTI2_IRQHandler)
    EXTI3_IRQHandler                         0x08001789   Thumb Code    46  exti.o(i.EXTI3_IRQHandler)
    EXTI4_IRQHandler                         0x080017c1   Thumb Code    46  exti.o(i.EXTI4_IRQHandler)
    EXTI_ClearITPendingBit                   0x080017f9   Thumb Code     6  stm32f10x_exti.o(i.EXTI_ClearITPendingBit)
    EXTI_GetITStatus                         0x08001805   Thumb Code    28  stm32f10x_exti.o(i.EXTI_GetITStatus)
    EXTI_Init                                0x08001825   Thumb Code   108  stm32f10x_exti.o(i.EXTI_Init)
    FSMC_NORSRAMCmd                          0x08001895   Thumb Code    26  stm32f10x_fsmc.o(i.FSMC_NORSRAMCmd)
    FSMC_NORSRAMInit                         0x080018b5   Thumb Code   200  stm32f10x_fsmc.o(i.FSMC_NORSRAMInit)
    GPIO_EXTILineConfig                      0x0800197d   Thumb Code    34  stm32f10x_gpio.o(i.GPIO_EXTILineConfig)
    GPIO_Init                                0x080019a5   Thumb Code   156  stm32f10x_gpio.o(i.GPIO_Init)
    GPIO_PinRemapConfig                      0x08001a41   Thumb Code    82  stm32f10x_gpio.o(i.GPIO_PinRemapConfig)
    GPIO_ReadInputDataBit                    0x08001a99   Thumb Code    14  stm32f10x_gpio.o(i.GPIO_ReadInputDataBit)
    GPIO_ResetBits                           0x08001aa7   Thumb Code     4  stm32f10x_gpio.o(i.GPIO_ResetBits)
    GPIO_SetBits                             0x08001aab   Thumb Code     4  stm32f10x_gpio.o(i.GPIO_SetBits)
    HardFault_Handler                        0x08001aaf   Thumb Code     2  stm32f10x_it.o(i.HardFault_Handler)
    JTAG_Set                                 0x08001ab1   Thumb Code    30  main.o(i.JTAG_Set)
    LCD_Clear                                0x08001ad9   Thumb Code   100  lcd.o(i.LCD_Clear)
    LCD_Display_Dir                          0x08001b45   Thumb Code   304  lcd.o(i.LCD_Display_Dir)
    LCD_Fast_DrawPoint                       0x08001c79   Thumb Code   276  lcd.o(i.LCD_Fast_DrawPoint)
    LCD_Fill                                 0x08001d95   Thumb Code   132  lcd.o(i.LCD_Fill)
    LCD_Init                                 0x08001e21   Thumb Code 11794  lcd.o(i.LCD_Init)
    LCD_RD_DATA                              0x08004c39   Thumb Code    16  lcd.o(i.LCD_RD_DATA)
    LCD_ReadReg                              0x08004c4d   Thumb Code    20  lcd.o(i.LCD_ReadReg)
    LCD_SSD_BackLightSet                     0x08004c65   Thumb Code    50  lcd.o(i.LCD_SSD_BackLightSet)
    LCD_Scan_Dir                             0x08004ca1   Thumb Code   414  lcd.o(i.LCD_Scan_Dir)
    LCD_SetCursor                            0x08004e49   Thumb Code   320  lcd.o(i.LCD_SetCursor)
    LCD_Set_Window                           0x08004f91   Thumb Code   370  lcd.o(i.LCD_Set_Window)
    LCD_ShowChar                             0x0800510d   Thumb Code   182  lcd.o(i.LCD_ShowChar)
    LCD_ShowString                           0x080051d9   Thumb Code    84  lcd.o(i.LCD_ShowString)
    LCD_SimpleString                         0x0800522d   Thumb Code    66  lcd.o(i.LCD_SimpleString)
    LCD_WriteRAM_Prepare                     0x08005271   Thumb Code    10  lcd.o(i.LCD_WriteRAM_Prepare)
    LCD_WriteReg                             0x08005285   Thumb Code    10  lcd.o(i.LCD_WriteReg)
    MemManage_Handler                        0x08005295   Thumb Code     2  stm32f10x_it.o(i.MemManage_Handler)
    Motor_Forward                            0x08005299   Thumb Code    32  l298n.o(i.Motor_Forward)
    Motor_Init                               0x080052c1   Thumb Code    38  l298n.o(i.Motor_Init)
    Motor_Leftback                           0x080052ed   Thumb Code    32  l298n.o(i.Motor_Leftback)
    Motor_Rightback                          0x08005315   Thumb Code    32  l298n.o(i.Motor_Rightback)
    Motor_Stop                               0x0800533d   Thumb Code    22  l298n.o(i.Motor_Stop)
    Motor_Turnleft                           0x08005359   Thumb Code    32  l298n.o(i.Motor_Turnleft)
    Motor_Turnright                          0x08005381   Thumb Code    32  l298n.o(i.Motor_Turnright)
    Motor_start                              0x080053a9   Thumb Code    84  l298n.o(i.Motor_start)
    NMI_Handler                              0x08005405   Thumb Code     2  stm32f10x_it.o(i.NMI_Handler)
    NVIC_Init                                0x08005409   Thumb Code    94  misc.o(i.NVIC_Init)
    NVIC_PriorityGroupConfig                 0x0800546d   Thumb Code    10  misc.o(i.NVIC_PriorityGroupConfig)
    OV7670_Init                              0x08005481   Thumb Code   202  ov7670.o(i.OV7670_Init)
    OV7670_Window_Set                        0x08005561   Thumb Code   110  ov7670.o(i.OV7670_Window_Set)
    PendSV_Handler                           0x080055cf   Thumb Code     2  stm32f10x_it.o(i.PendSV_Handler)
    RCC_AHBPeriphClockCmd                    0x080055d1   Thumb Code    18  stm32f10x_rcc.o(i.RCC_AHBPeriphClockCmd)
    RCC_APB1PeriphClockCmd                   0x080055e9   Thumb Code    18  stm32f10x_rcc.o(i.RCC_APB1PeriphClockCmd)
    RCC_APB2PeriphClockCmd                   0x08005601   Thumb Code    18  stm32f10x_rcc.o(i.RCC_APB2PeriphClockCmd)
    RCC_GetClocksFreq                        0x08005619   Thumb Code   132  stm32f10x_rcc.o(i.RCC_GetClocksFreq)
    SCCB_Init                                0x080056ad   Thumb Code    96  sccb.o(i.SCCB_Init)
    SCCB_No_Ack                              0x08005711   Thumb Code    52  sccb.o(i.SCCB_No_Ack)
    SCCB_RD_Byte                             0x08005749   Thumb Code    98  sccb.o(i.SCCB_RD_Byte)
    SCCB_RD_Reg                              0x080057b5   Thumb Code    76  sccb.o(i.SCCB_RD_Reg)
    SCCB_Start                               0x08005801   Thumb Code    38  sccb.o(i.SCCB_Start)
    SCCB_Stop                                0x0800582d   Thumb Code    42  sccb.o(i.SCCB_Stop)
    SCCB_WR_Byte                             0x0800585d   Thumb Code   126  sccb.o(i.SCCB_WR_Byte)
    SCCB_WR_Reg                              0x080058e5   Thumb Code    62  sccb.o(i.SCCB_WR_Reg)
    SVC_Handler                              0x08005923   Thumb Code     2  stm32f10x_it.o(i.SVC_Handler)
    SysTick_CLKSourceConfig                  0x080059cd   Thumb Code    24  misc.o(i.SysTick_CLKSourceConfig)
    SysTick_Handler                          0x080059e5   Thumb Code     2  stm32f10x_it.o(i.SysTick_Handler)
    SystemInit                               0x080059e9   Thumb Code    64  system_stm32f10x.o(i.SystemInit)
    TIM3_IRQHandler                          0x08005a39   Thumb Code    60  timer.o(i.TIM3_IRQHandler)
    TIM4_IRQHandler                          0x08005a81   Thumb Code    50  usmart.o(i.TIM4_IRQHandler)
    TIM5_IRQHandler                          0x08005abd   Thumb Code   128  timer.o(i.TIM5_IRQHandler)
    TIM6_IRQHandler                          0x08005b45   Thumb Code    40  timer.o(i.TIM6_IRQHandler)
    TIM6_Int_Init                            0x08005b85   Thumb Code    90  timer.o(i.TIM6_Int_Init)
    TIM_ClearFlag                            0x08005be5   Thumb Code     6  stm32f10x_tim.o(i.TIM_ClearFlag)
    TIM_ClearITPendingBit                    0x08005beb   Thumb Code     6  stm32f10x_tim.o(i.TIM_ClearITPendingBit)
    TIM_Cmd                                  0x08005bf1   Thumb Code    20  stm32f10x_tim.o(i.TIM_Cmd)
    TIM_GetCapture1                          0x08005c05   Thumb Code     4  stm32f10x_tim.o(i.TIM_GetCapture1)
    TIM_GetCounter                           0x08005c09   Thumb Code     4  stm32f10x_tim.o(i.TIM_GetCounter)
    TIM_GetFlagStatus                        0x08005c0d   Thumb Code    14  stm32f10x_tim.o(i.TIM_GetFlagStatus)
    TIM_GetITStatus                          0x08005c1b   Thumb Code    24  stm32f10x_tim.o(i.TIM_GetITStatus)
    TIM_ITConfig                             0x08005c33   Thumb Code    16  stm32f10x_tim.o(i.TIM_ITConfig)
    TIM_OC1Init                              0x08005c45   Thumb Code   106  stm32f10x_tim.o(i.TIM_OC1Init)
    TIM_OC1PolarityConfig                    0x08005cc5   Thumb Code    12  stm32f10x_tim.o(i.TIM_OC1PolarityConfig)
    TIM_OC1PreloadConfig                     0x08005cd1   Thumb Code    12  stm32f10x_tim.o(i.TIM_OC1PreloadConfig)
    TIM_OC2Init                              0x08005cdd   Thumb Code   120  stm32f10x_tim.o(i.TIM_OC2Init)
    TIM_OC2PreloadConfig                     0x08005d5d   Thumb Code    20  stm32f10x_tim.o(i.TIM_OC2PreloadConfig)
    TIM_SetAutoreload                        0x08005d71   Thumb Code     4  stm32f10x_tim.o(i.TIM_SetAutoreload)
    TIM_SetCompare1                          0x08005d75   Thumb Code     4  stm32f10x_tim.o(i.TIM_SetCompare1)
    TIM_SetCompare2                          0x08005d79   Thumb Code     4  stm32f10x_tim.o(i.TIM_SetCompare2)
    TIM_SetCounter                           0x08005d7d   Thumb Code     4  stm32f10x_tim.o(i.TIM_SetCounter)
    TIM_TimeBaseInit                         0x08005d81   Thumb Code   114  stm32f10x_tim.o(i.TIM_TimeBaseInit)
    Timer4_Init                              0x08005e1d   Thumb Code    90  usmart.o(i.Timer4_Init)
    USART1_IRQHandler                        0x08005e7d   Thumb Code    88  usart.o(i.USART1_IRQHandler)
    USART_Cmd                                0x08005ee1   Thumb Code    20  stm32f10x_usart.o(i.USART_Cmd)
    USART_GetITStatus                        0x08005ef5   Thumb Code    62  stm32f10x_usart.o(i.USART_GetITStatus)
    USART_ITConfig                           0x08005f33   Thumb Code    48  stm32f10x_usart.o(i.USART_ITConfig)
    USART_Init                               0x08005f65   Thumb Code   166  stm32f10x_usart.o(i.USART_Init)
    USART_ReceiveData                        0x08006011   Thumb Code     8  stm32f10x_usart.o(i.USART_ReceiveData)
    UsageFault_Handler                       0x08006019   Thumb Code     2  stm32f10x_it.o(i.UsageFault_Handler)
    __ARM_fpclassify                         0x0800601b   Thumb Code    40  fpclassify.o(i.__ARM_fpclassify)
    _is_digit                                0x08006043   Thumb Code    14  __printf_wp.o(i._is_digit)
    _sys_exit                                0x08006051   Thumb Code     2  usart.o(i._sys_exit)
    cameraOperation                          0x08006055   Thumb Code   154  grey.o(i.cameraOperation)
    cameraRefresh                            0x0800610d   Thumb Code   264  grey.o(i.cameraRefresh)
    delay_init                               0x08006231   Thumb Code    46  delay.o(i.delay_init)
    delay_ms                                 0x0800626d   Thumb Code    46  delay.o(i.delay_ms)
    delay_us                                 0x080062a1   Thumb Code    46  delay.o(i.delay_us)
    forward_ten                              0x080062d5   Thumb Code    54  move.o(i.forward_ten)
    fputc                                    0x0800630d   Thumb Code    18  usart.o(i.fputc)
    getCmdByDeviLoc                          0x08006325   Thumb Code   220  grey.o(i.getCmdByDeviLoc)
    getCmdBySlope                            0x08006455   Thumb Code   264  sendcmd.o(i.getCmdBySlope)
    getLineEdge                              0x08006579   Thumb Code   260  grey.o(i.getLineEdge)
    getLineLocCompare2MidLine                0x0800668d   Thumb Code   400  grey.o(i.getLineLocCompare2MidLine)
    getLineWidth                             0x08006821   Thumb Code   124  grey.o(i.getLineWidth)
    getOneSideUsefulLine                     0x080068a5   Thumb Code   258  grey.o(i.getOneSideUsefulLine)
    getUsefulLine                            0x080069a9   Thumb Code   206  grey.o(i.getUsefulLine)
    main                                     0x08006a81   Thumb Code   240  main.o(i.main)
    memsetBothBlackLoc                       0x08006bbd   Thumb Code    24  grey.o(i.memsetBothBlackLoc)
    monitor_PWM_Init                         0x08006bd9   Thumb Code   182  timer.o(i.monitor_PWM_Init)
    motation                                 0x08006c9d   Thumb Code    88  move.o(i.motation)
    move_for_fencha                          0x08006d05   Thumb Code    32  move.o(i.move_for_fencha)
    print2lcd                                0x08006d25   Thumb Code   208  move.o(i.print2lcd)
    printStopMess                            0x08006e69   Thumb Code    82  move.o(i.printStopMess)
    read_addr                                0x08006ed1   Thumb Code     4  usmart.o(i.read_addr)
    regression                               0x08006ed5   Thumb Code   452  leastsquare.o(i.regression)
    right_add                                0x080070a5   Thumb Code    72  l298n.o(i.right_add)
    turn2L                                   0x08007149   Thumb Code    40  move.o(i.turn2L)
    turn2R                                   0x08007171   Thumb Code    40  move.o(i.turn2R)
    uart_init                                0x08007199   Thumb Code   152  usart.o(i.uart_init)
    usmart_cmd_rec                           0x08007239   Thumb Code   144  usmart.o(i.usmart_cmd_rec)
    usmart_exe                               0x080072cd   Thumb Code   510  usmart.o(i.usmart_exe)
    usmart_get_aparm                         0x0800752d   Thumb Code   156  usmart_str.o(i.usmart_get_aparm)
    usmart_get_cmdname                       0x080075c9   Thumb Code    46  usmart_str.o(i.usmart_get_cmdname)
    usmart_get_fname                         0x080075f9   Thumb Code   352  usmart_str.o(i.usmart_get_fname)
    usmart_get_fparam                        0x08007761   Thumb Code   202  usmart_str.o(i.usmart_get_fparam)
    usmart_get_parmpos                       0x08007831   Thumb Code    30  usmart_str.o(i.usmart_get_parmpos)
    usmart_get_runtime                       0x08007855   Thumb Code    48  usmart.o(i.usmart_get_runtime)
    usmart_init                              0x0800788d   Thumb Code    36  usmart.o(i.usmart_init)
    usmart_pow                               0x080078b5   Thumb Code    16  usmart_str.o(i.usmart_pow)
    usmart_reset_runtime                     0x080078c5   Thumb Code    40  usmart.o(i.usmart_reset_runtime)
    usmart_scan                              0x080078f5   Thumb Code    94  usmart.o(i.usmart_scan)
    usmart_search_nextc                      0x08007999   Thumb Code    16  usmart_str.o(i.usmart_search_nextc)
    usmart_str2num                           0x080079a9   Thumb Code   160  usmart_str.o(i.usmart_str2num)
    usmart_strcmp                            0x08007a49   Thumb Code    24  usmart_str.o(i.usmart_strcmp)
    usmart_strcopy                           0x08007a61   Thumb Code    18  usmart_str.o(i.usmart_strcopy)
    usmart_strlen                            0x08007a73   Thumb Code    18  usmart_str.o(i.usmart_strlen)
    usmart_sys_cmd_exe                       0x08007a85   Thumb Code  1442  usmart.o(i.usmart_sys_cmd_exe)
    write_addr                               0x080080f5   Thumb Code     4  usmart.o(i.write_addr)
    _get_lc_numeric                          0x080080f9   Thumb Code    44  lc_numeric_c.o(locale$$code)
    __aeabi_dadd                             0x08008125   Thumb Code     0  daddsub_clz.o(x$fpl$dadd)
    _dadd                                    0x08008125   Thumb Code   332  daddsub_clz.o(x$fpl$dadd)
    __fpl_dcmp_Inf                           0x08008275   Thumb Code    24  dcmpi.o(x$fpl$dcmpinf)
    __aeabi_ddiv                             0x0800828d   Thumb Code     0  ddiv.o(x$fpl$ddiv)
    _ddiv                                    0x0800828d   Thumb Code   552  ddiv.o(x$fpl$ddiv)
    __aeabi_cdcmpeq                          0x0800853d   Thumb Code     0  deqf.o(x$fpl$deqf)
    _dcmpeq                                  0x0800853d   Thumb Code   120  deqf.o(x$fpl$deqf)
    __aeabi_d2iz                             0x080085b5   Thumb Code     0  dfix.o(x$fpl$dfix)
    _dfix                                    0x080085b5   Thumb Code    94  dfix.o(x$fpl$dfix)
    __aeabi_d2uiz                            0x08008615   Thumb Code     0  dfixu.o(x$fpl$dfixu)
    _dfixu                                   0x08008615   Thumb Code    90  dfixu.o(x$fpl$dfixu)
    __aeabi_i2d                              0x0800866f   Thumb Code     0  dflt_clz.o(x$fpl$dflt)
    _dflt                                    0x0800866f   Thumb Code    46  dflt_clz.o(x$fpl$dflt)
    __aeabi_ui2d                             0x0800869d   Thumb Code     0  dflt_clz.o(x$fpl$dfltu)
    _dfltu                                   0x0800869d   Thumb Code    38  dflt_clz.o(x$fpl$dfltu)
    __aeabi_cdcmple                          0x080086c5   Thumb Code     0  dleqf.o(x$fpl$dleqf)
    _dcmple                                  0x080086c5   Thumb Code   120  dleqf.o(x$fpl$dleqf)
    __fpl_dcmple_InfNaN                      0x08008727   Thumb Code     0  dleqf.o(x$fpl$dleqf)
    __aeabi_dmul                             0x0800873d   Thumb Code     0  dmul.o(x$fpl$dmul)
    _dmul                                    0x0800873d   Thumb Code   332  dmul.o(x$fpl$dmul)
    __fpl_dnaninf                            0x08008891   Thumb Code   156  dnaninf.o(x$fpl$dnaninf)
    __fpl_dretinf                            0x0800892d   Thumb Code    12  dretinf.o(x$fpl$dretinf)
    __aeabi_cdrcmple                         0x08008939   Thumb Code     0  drleqf.o(x$fpl$drleqf)
    _drcmple                                 0x08008939   Thumb Code   108  drleqf.o(x$fpl$drleqf)
    __aeabi_drsub                            0x080089a5   Thumb Code     0  daddsub_clz.o(x$fpl$drsb)
    _drsb                                    0x080089a5   Thumb Code    22  daddsub_clz.o(x$fpl$drsb)
    __aeabi_dsub                             0x080089bd   Thumb Code     0  daddsub_clz.o(x$fpl$dsub)
    _dsub                                    0x080089bd   Thumb Code   464  daddsub_clz.o(x$fpl$dsub)
    _printf_fp_dec                           0x08008b91   Thumb Code     4  printf1.o(x$fpl$printf1)
    __I$use$fp                               0x08008b94   Number         0  usenofp.o(x$fpl$usenofp)
    asc2_1206                                0x08008b94   Data        1140  lcd.o(.constdata)
    asc2_1608                                0x08009008   Data        1520  lcd.o(.constdata)
    asc2_2412                                0x080095f8   Data        3420  lcd.o(.constdata)
    ov7670_init_reg_tbl                      0x0800a354   Data         342  ov7670.o(.constdata)
    Region$$Table$$Base                      0x0800a680   Number         0  anon$$obj.o(Region$$Table)
    Region$$Table$$Limit                     0x0800a6a0   Number         0  anon$$obj.o(Region$$Table)
    RUNNING                                  0x20000000   Data           1  main.o(.data)
    timerCounter                             0x20000004   Data           4  main.o(.data)
    SystemCoreClock                          0x20000008   Data           4  system_stm32f10x.o(.data)
    AHBPrescTable                            0x2000000c   Data          16  system_stm32f10x.o(.data)
    POINT_COLOR                              0x2000001c   Data           2  lcd.o(.data)
    BACK_COLOR                               0x2000001e   Data           2  lcd.o(.data)
    ov_sta                                   0x20000020   Data           1  exti.o(.data)
    TIM5CH1_CAPTURE_STA                      0x20000022   Data           1  timer.o(.data)
    ov_frame                                 0x20000023   Data           1  timer.o(.data)
    TIM5CH1_CAPTURE_VAL                      0x20000024   Data           2  timer.o(.data)
    max_black_fencha                         0x20000028   Data           1  grey.o(.data)
    MidGreyVal                               0x20000029   Data           1  grey.o(.data)
    maxUsefulLineLen                         0x2000002a   Data           1  grey.o(.data)
    FLAG_BORDER                              0x2000002b   Data           1  grey.o(.data)
    devLocRes                                0x2000002c   Data           1  grey.o(.data)
    testLineWidth                            0x2000002d   Data           1  grey.o(.data)
    cmdByLine                                0x20000030   Data           4  grey.o(.data)
    lineDeviationLoc                         0x20000034   Data           4  grey.o(.data)
    overK                                    0x20000038   Data           8  leastsquare.o(.data)
    b                                        0x20000040   Data           4  leastsquare.o(.data)
    fencha_times                             0x20000044   Data           1  move.o(.data)
    monitor_error_add                        0x20000048   Data           1  l298n.o(.data)
    max_add                                  0x2000004a   Data           2  l298n.o(.data)
    speed_min                                0x2000004c   Data           4  l298n.o(.data)
    USART_RX_STA                             0x20000054   Data           2  usart.o(.data)
    __stdout                                 0x20000058   Data           4  usart.o(.data)
    sys_cmd_tab                              0x20000070   Data          28  usmart.o(.data)
    usmart_nametab                           0x2000008c   Data          56  usmart_config.o(.data)
    usmart_dev                               0x200000c4   Data         244  usmart_config.o(.data)
    lcddev                                   0x200001b8   Data          14  lcd.o(.bss)
    cutImg                                   0x200001c6   Data        9600  grey.o(.bss)
    leftBlackLoc                             0x20002746   Data          20  grey.o(.bss)
    rightBlackLoc                            0x2000275a   Data          20  grey.o(.bss)
    maxUsefulBlackLine                       0x2000276e   Data          20  grey.o(.bss)
    maxUsefulBlackHeight                     0x20002782   Data          20  grey.o(.bss)
    USART_RX_BUF                             0x20002796   Data         200  usart.o(.bss)
    __libspace_start                         0x20002860   Data          96  libspace.o(.bss)
    __temporary_stack_top$libspace           0x200028c0   Data           0  libspace.o(.bss)



==============================================================================

Memory Map of the image

  Image Entry point : 0x08000131

  Load Region LR_IROM1 (Base: 0x08000000, Size: 0x0000a874, Max: 0x00080000, ABSOLUTE, COMPRESSED[0x0000a744])

    Execution Region ER_IROM1 (Base: 0x08000000, Size: 0x0000a6bc, Max: 0x00080000, ABSOLUTE)

    Base Addr    Size         Type   Attr      Idx    E Section Name        Object

    0x08000000   0x00000130   Data   RO         1184    RESET               startup_stm32f10x_hd.o
    0x08000130   0x00000008   Code   RO         2675  * !!!main             c_w.l(__main.o)
    0x08000138   0x00000034   Code   RO         2946    !!!scatter          c_w.l(__scatter.o)
    0x0800016c   0x0000005a   Code   RO         2944    !!dczerorl2         c_w.l(__dczerorl2.o)
    0x080001c6   0x00000002   PAD
    0x080001c8   0x0000001c   Code   RO         2948    !!handler_zi        c_w.l(__scatter_zi.o)
    0x080001e4   0x00000000   Code   RO         2664    .ARM.Collect$$_printf_percent$$00000000  c_w.l(_printf_percent.o)
    0x080001e4   0x00000006   Code   RO         2663    .ARM.Collect$$_printf_percent$$00000003  c_w.l(_printf_f.o)
    0x080001ea   0x00000006   Code   RO         2661    .ARM.Collect$$_printf_percent$$00000009  c_w.l(_printf_d.o)
    0x080001f0   0x00000006   Code   RO         2662    .ARM.Collect$$_printf_percent$$0000000A  c_w.l(_printf_u.o)
    0x080001f6   0x00000006   Code   RO         2660    .ARM.Collect$$_printf_percent$$0000000C  c_w.l(_printf_x.o)
    0x080001fc   0x00000006   Code   RO         2658    .ARM.Collect$$_printf_percent$$00000013  c_w.l(_printf_c.o)
    0x08000202   0x00000006   Code   RO         2659    .ARM.Collect$$_printf_percent$$00000014  c_w.l(_printf_s.o)
    0x08000208   0x00000004   Code   RO         2734    .ARM.Collect$$_printf_percent$$00000017  c_w.l(_printf_percent_end.o)
    0x0800020c   0x00000002   Code   RO         2822    .ARM.Collect$$libinit$$00000000  c_w.l(libinit.o)
    0x0800020e   0x00000000   Code   RO         2824    .ARM.Collect$$libinit$$00000002  c_w.l(libinit2.o)
    0x0800020e   0x00000000   Code   RO         2826    .ARM.Collect$$libinit$$00000004  c_w.l(libinit2.o)
    0x0800020e   0x00000000   Code   RO         2829    .ARM.Collect$$libinit$$0000000A  c_w.l(libinit2.o)
    0x0800020e   0x00000000   Code   RO         2831    .ARM.Collect$$libinit$$0000000C  c_w.l(libinit2.o)
    0x0800020e   0x00000000   Code   RO         2833    .ARM.Collect$$libinit$$0000000E  c_w.l(libinit2.o)
    0x0800020e   0x00000006   Code   RO         2834    .ARM.Collect$$libinit$$0000000F  c_w.l(libinit2.o)
    0x08000214   0x00000000   Code   RO         2836    .ARM.Collect$$libinit$$00000011  c_w.l(libinit2.o)
    0x08000214   0x00000000   Code   RO         2838    .ARM.Collect$$libinit$$00000013  c_w.l(libinit2.o)
    0x08000214   0x00000000   Code   RO         2840    .ARM.Collect$$libinit$$00000015  c_w.l(libinit2.o)
    0x08000214   0x0000000a   Code   RO         2841    .ARM.Collect$$libinit$$00000016  c_w.l(libinit2.o)
    0x0800021e   0x00000000   Code   RO         2842    .ARM.Collect$$libinit$$00000017  c_w.l(libinit2.o)
    0x0800021e   0x00000000   Code   RO         2844    .ARM.Collect$$libinit$$00000019  c_w.l(libinit2.o)
    0x0800021e   0x00000000   Code   RO         2846    .ARM.Collect$$libinit$$0000001B  c_w.l(libinit2.o)
    0x0800021e   0x00000000   Code   RO         2848    .ARM.Collect$$libinit$$0000001D  c_w.l(libinit2.o)
    0x0800021e   0x00000000   Code   RO         2850    .ARM.Collect$$libinit$$0000001F  c_w.l(libinit2.o)
    0x0800021e   0x00000000   Code   RO         2852    .ARM.Collect$$libinit$$00000021  c_w.l(libinit2.o)
    0x0800021e   0x00000000   Code   RO         2854    .ARM.Collect$$libinit$$00000023  c_w.l(libinit2.o)
    0x0800021e   0x00000000   Code   RO         2856    .ARM.Collect$$libinit$$00000025  c_w.l(libinit2.o)
    0x0800021e   0x00000000   Code   RO         2860    .ARM.Collect$$libinit$$0000002C  c_w.l(libinit2.o)
    0x0800021e   0x00000000   Code   RO         2862    .ARM.Collect$$libinit$$0000002E  c_w.l(libinit2.o)
    0x0800021e   0x00000000   Code   RO         2864    .ARM.Collect$$libinit$$00000030  c_w.l(libinit2.o)
    0x0800021e   0x00000000   Code   RO         2866    .ARM.Collect$$libinit$$00000032  c_w.l(libinit2.o)
    0x0800021e   0x00000002   Code   RO         2867    .ARM.Collect$$libinit$$00000033  c_w.l(libinit2.o)
    0x08000220   0x00000002   Code   RO         2895    .ARM.Collect$$libshutdown$$00000000  c_w.l(libshutdown.o)
    0x08000222   0x00000000   Code   RO         2905    .ARM.Collect$$libshutdown$$00000003  c_w.l(libshutdown2.o)
    0x08000222   0x00000000   Code   RO         2908    .ARM.Collect$$libshutdown$$00000006  c_w.l(libshutdown2.o)
    0x08000222   0x00000000   Code   RO         2911    .ARM.Collect$$libshutdown$$00000009  c_w.l(libshutdown2.o)
    0x08000222   0x00000000   Code   RO         2913    .ARM.Collect$$libshutdown$$0000000B  c_w.l(libshutdown2.o)
    0x08000222   0x00000000   Code   RO         2916    .ARM.Collect$$libshutdown$$0000000E  c_w.l(libshutdown2.o)
    0x08000222   0x00000002   Code   RO         2917    .ARM.Collect$$libshutdown$$0000000F  c_w.l(libshutdown2.o)
    0x08000224   0x00000000   Code   RO         2721    .ARM.Collect$$rtentry$$00000000  c_w.l(__rtentry.o)
    0x08000224   0x00000000   Code   RO         2747    .ARM.Collect$$rtentry$$00000002  c_w.l(__rtentry2.o)
    0x08000224   0x00000006   Code   RO         2759    .ARM.Collect$$rtentry$$00000004  c_w.l(__rtentry4.o)
    0x0800022a   0x00000000   Code   RO         2749    .ARM.Collect$$rtentry$$00000009  c_w.l(__rtentry2.o)
    0x0800022a   0x00000004   Code   RO         2750    .ARM.Collect$$rtentry$$0000000A  c_w.l(__rtentry2.o)
    0x0800022e   0x00000000   Code   RO         2752    .ARM.Collect$$rtentry$$0000000C  c_w.l(__rtentry2.o)
    0x0800022e   0x00000008   Code   RO         2753    .ARM.Collect$$rtentry$$0000000D  c_w.l(__rtentry2.o)
    0x08000236   0x00000002   Code   RO         2868    .ARM.Collect$$rtexit$$00000000  c_w.l(rtexit.o)
    0x08000238   0x00000000   Code   RO         2875    .ARM.Collect$$rtexit$$00000002  c_w.l(rtexit2.o)
    0x08000238   0x00000004   Code   RO         2876    .ARM.Collect$$rtexit$$00000003  c_w.l(rtexit2.o)
    0x0800023c   0x00000006   Code   RO         2877    .ARM.Collect$$rtexit$$00000004  c_w.l(rtexit2.o)
    0x08000242   0x00000002   PAD
    0x08000244   0x0000003c   Code   RO         1185    .text               startup_stm32f10x_hd.o
    0x08000280   0x00000002   Code   RO         2599    .text               c_w.l(use_no_semi_2.o)
    0x08000282   0x00000002   PAD
    0x08000284   0x00000018   Code   RO         2605    .text               c_w.l(noretval__2printf.o)
    0x0800029c   0x00000028   Code   RO         2607    .text               c_w.l(noretval__2sprintf.o)
    0x080002c4   0x0000004e   Code   RO         2611    .text               c_w.l(_printf_pad.o)
    0x08000312   0x00000052   Code   RO         2613    .text               c_w.l(_printf_str.o)
    0x08000364   0x00000078   Code   RO         2615    .text               c_w.l(_printf_dec.o)
    0x080003dc   0x00000058   Code   RO         2620    .text               c_w.l(_printf_hex_int.o)
    0x08000434   0x00000188   Code   RO         2655    .text               c_w.l(__printf_flags_ss_wp.o)
    0x080005bc   0x0000003e   Code   RO         2665    .text               c_w.l(strlen.o)
    0x080005fa   0x00000044   Code   RO         2667    .text               c_w.l(rt_memclr.o)
    0x0800063e   0x0000004e   Code   RO         2669    .text               c_w.l(rt_memclr_w.o)
    0x0800068c   0x00000056   Code   RO         2671    .text               c_w.l(strncpy.o)
    0x080006e2   0x00000006   Code   RO         2673    .text               c_w.l(heapauxi.o)
    0x080006e8   0x00000002   Code   RO         2719    .text               c_w.l(use_no_semi.o)
    0x080006ea   0x000000b2   Code   RO         2722    .text               c_w.l(_printf_intcommon.o)
    0x0800079c   0x0000041a   Code   RO         2724    .text               c_w.l(_printf_fp_dec.o)
    0x08000bb6   0x00000002   PAD
    0x08000bb8   0x00000030   Code   RO         2726    .text               c_w.l(_printf_char_common.o)
    0x08000be8   0x0000000a   Code   RO         2728    .text               c_w.l(_sputc.o)
    0x08000bf2   0x0000002c   Code   RO         2730    .text               c_w.l(_printf_char.o)
    0x08000c1e   0x00000002   PAD
    0x08000c20   0x00000024   Code   RO         2732    .text               c_w.l(_printf_char_file.o)
    0x08000c44   0x00000008   Code   RO         2764    .text               c_w.l(rt_locale_intlibspace.o)
    0x08000c4c   0x0000008a   Code   RO         2766    .text               c_w.l(lludiv10.o)
    0x08000cd6   0x00000002   PAD
    0x08000cd8   0x00000080   Code   RO         2768    .text               c_w.l(_printf_fp_infnan.o)
    0x08000d58   0x000000dc   Code   RO         2772    .text               c_w.l(bigflt0.o)
    0x08000e34   0x00000008   Code   RO         2797    .text               c_w.l(ferror.o)
    0x08000e3c   0x00000008   Code   RO         2808    .text               c_w.l(libspace.o)
    0x08000e44   0x0000004a   Code   RO         2811    .text               c_w.l(sys_stackheap_outer.o)
    0x08000e8e   0x0000000c   Code   RO         2813    .text               c_w.l(exit.o)
    0x08000e9a   0x00000002   PAD
    0x08000e9c   0x00000080   Code   RO         2815    .text               c_w.l(strcmpv7m.o)
    0x08000f1c   0x0000003e   Code   RO         2775    CL$$btod_d2e        c_w.l(btod.o)
    0x08000f5a   0x00000046   Code   RO         2777    CL$$btod_d2e_denorm_low  c_w.l(btod.o)
    0x08000fa0   0x00000060   Code   RO         2776    CL$$btod_d2e_norm_op1  c_w.l(btod.o)
    0x08001000   0x00000338   Code   RO         2785    CL$$btod_div_common  c_w.l(btod.o)
    0x08001338   0x000000c6   Code   RO         2782    CL$$btod_e2e        c_w.l(btod.o)
    0x080013fe   0x00000028   Code   RO         2779    CL$$btod_ediv       c_w.l(btod.o)
    0x08001426   0x00000028   Code   RO         2778    CL$$btod_emul       c_w.l(btod.o)
    0x0800144e   0x00000244   Code   RO         2784    CL$$btod_mult_common  c_w.l(btod.o)
    0x08001692   0x00000002   Code   RO          144    i.BusFault_Handler  stm32f10x_it.o
    0x08001694   0x00000002   Code   RO          145    i.DebugMon_Handler  stm32f10x_it.o
    0x08001696   0x00000002   PAD
    0x08001698   0x00000038   Code   RO          487    i.EXTI0_IRQHandler  exti.o
    0x080016d0   0x00000042   Code   RO          488    i.EXTI11_Init       exti.o
    0x08001712   0x00000002   PAD
    0x08001714   0x0000003c   Code   RO          489    i.EXTI15_10_IRQHandler  exti.o
    0x08001750   0x00000038   Code   RO          490    i.EXTI2_IRQHandler  exti.o
    0x08001788   0x00000038   Code   RO          491    i.EXTI3_IRQHandler  exti.o
    0x080017c0   0x00000038   Code   RO          492    i.EXTI4_IRQHandler  exti.o
    0x080017f8   0x0000000c   Code   RO         1840    i.EXTI_ClearITPendingBit  stm32f10x_exti.o
    0x08001804   0x00000020   Code   RO         1844    i.EXTI_GetITStatus  stm32f10x_exti.o
    0x08001824   0x00000070   Code   RO         1845    i.EXTI_Init         stm32f10x_exti.o
    0x08001894   0x00000020   Code   RO         1236    i.FSMC_NORSRAMCmd   stm32f10x_fsmc.o
    0x080018b4   0x000000c8   Code   RO         1238    i.FSMC_NORSRAMInit  stm32f10x_fsmc.o
    0x0800197c   0x00000028   Code   RO         1348    i.GPIO_EXTILineConfig  stm32f10x_gpio.o
    0x080019a4   0x0000009c   Code   RO         1351    i.GPIO_Init         stm32f10x_gpio.o
    0x08001a40   0x00000058   Code   RO         1353    i.GPIO_PinRemapConfig  stm32f10x_gpio.o
    0x08001a98   0x0000000e   Code   RO         1355    i.GPIO_ReadInputDataBit  stm32f10x_gpio.o
    0x08001aa6   0x00000004   Code   RO         1358    i.GPIO_ResetBits    stm32f10x_gpio.o
    0x08001aaa   0x00000004   Code   RO         1359    i.GPIO_SetBits      stm32f10x_gpio.o
    0x08001aae   0x00000002   Code   RO          146    i.HardFault_Handler  stm32f10x_it.o
    0x08001ab0   0x00000028   Code   RO            1    i.JTAG_Set          main.o
    0x08001ad8   0x0000006c   Code   RO          288    i.LCD_Clear         lcd.o
    0x08001b44   0x00000134   Code   RO          292    i.LCD_Display_Dir   lcd.o
    0x08001c78   0x0000011c   Code   RO          297    i.LCD_Fast_DrawPoint  lcd.o
    0x08001d94   0x0000008c   Code   RO          298    i.LCD_Fill          lcd.o
    0x08001e20   0x00002e18   Code   RO          299    i.LCD_Init          lcd.o
    0x08004c38   0x00000014   Code   RO          301    i.LCD_RD_DATA       lcd.o
    0x08004c4c   0x00000018   Code   RO          303    i.LCD_ReadReg       lcd.o
    0x08004c64   0x0000003c   Code   RO          304    i.LCD_SSD_BackLightSet  lcd.o
    0x08004ca0   0x000001a8   Code   RO          305    i.LCD_Scan_Dir      lcd.o
    0x08004e48   0x00000148   Code   RO          306    i.LCD_SetCursor     lcd.o
    0x08004f90   0x0000017c   Code   RO          307    i.LCD_Set_Window    lcd.o
    0x0800510c   0x000000cc   Code   RO          308    i.LCD_ShowChar      lcd.o
    0x080051d8   0x00000054   Code   RO          310    i.LCD_ShowString    lcd.o
    0x0800522c   0x00000042   Code   RO          312    i.LCD_SimpleString  lcd.o
    0x0800526e   0x00000002   PAD
    0x08005270   0x00000014   Code   RO          316    i.LCD_WriteRAM_Prepare  lcd.o
    0x08005284   0x00000010   Code   RO          317    i.LCD_WriteReg      lcd.o
    0x08005294   0x00000002   Code   RO          147    i.MemManage_Handler  stm32f10x_it.o
    0x08005296   0x00000002   PAD
    0x08005298   0x00000028   Code   RO          986    i.Motor_Forward     l298n.o
    0x080052c0   0x0000002c   Code   RO          987    i.Motor_Init        l298n.o
    0x080052ec   0x00000028   Code   RO          988    i.Motor_Leftback    l298n.o
    0x08005314   0x00000028   Code   RO          990    i.Motor_Rightback   l298n.o
    0x0800533c   0x0000001c   Code   RO          991    i.Motor_Stop        l298n.o
    0x08005358   0x00000028   Code   RO          992    i.Motor_Turnleft    l298n.o
    0x08005380   0x00000028   Code   RO          993    i.Motor_Turnright   l298n.o
    0x080053a8   0x0000005c   Code   RO          994    i.Motor_start       l298n.o
    0x08005404   0x00000002   Code   RO          148    i.NMI_Handler       stm32f10x_it.o
    0x08005406   0x00000002   PAD
    0x08005408   0x00000064   Code   RO         1189    i.NVIC_Init         misc.o
    0x0800546c   0x00000014   Code   RO         1190    i.NVIC_PriorityGroupConfig  misc.o
    0x08005480   0x000000e0   Code   RO          615    i.OV7670_Init       ov7670.o
    0x08005560   0x0000006e   Code   RO          618    i.OV7670_Window_Set  ov7670.o
    0x080055ce   0x00000002   Code   RO          149    i.PendSV_Handler    stm32f10x_it.o
    0x080055d0   0x00000018   Code   RO         1460    i.RCC_AHBPeriphClockCmd  stm32f10x_rcc.o
    0x080055e8   0x00000018   Code   RO         1461    i.RCC_APB1PeriphClockCmd  stm32f10x_rcc.o
    0x08005600   0x00000018   Code   RO         1463    i.RCC_APB2PeriphClockCmd  stm32f10x_rcc.o
    0x08005618   0x00000094   Code   RO         1471    i.RCC_GetClocksFreq  stm32f10x_rcc.o
    0x080056ac   0x00000064   Code   RO          666    i.SCCB_Init         sccb.o
    0x08005710   0x00000038   Code   RO          667    i.SCCB_No_Ack       sccb.o
    0x08005748   0x0000006c   Code   RO          668    i.SCCB_RD_Byte      sccb.o
    0x080057b4   0x0000004c   Code   RO          669    i.SCCB_RD_Reg       sccb.o
    0x08005800   0x0000002c   Code   RO          670    i.SCCB_Start        sccb.o
    0x0800582c   0x00000030   Code   RO          671    i.SCCB_Stop         sccb.o
    0x0800585c   0x00000088   Code   RO          672    i.SCCB_WR_Byte      sccb.o
    0x080058e4   0x0000003e   Code   RO          673    i.SCCB_WR_Reg       sccb.o
    0x08005922   0x00000002   Code   RO          150    i.SVC_Handler       stm32f10x_it.o
    0x08005924   0x000000a8   Code   RO          227    i.SetSysClockTo72   system_stm32f10x.o
    0x080059cc   0x00000018   Code   RO         1193    i.SysTick_CLKSourceConfig  misc.o
    0x080059e4   0x00000002   Code   RO          151    i.SysTick_Handler   stm32f10x_it.o
    0x080059e6   0x00000002   PAD
    0x080059e8   0x00000050   Code   RO          229    i.SystemInit        system_stm32f10x.o
    0x08005a38   0x00000048   Code   RO          548    i.TIM3_IRQHandler   timer.o
    0x08005a80   0x0000003c   Code   RO         2426    i.TIM4_IRQHandler   usmart.o
    0x08005abc   0x00000088   Code   RO          552    i.TIM5_IRQHandler   timer.o
    0x08005b44   0x00000040   Code   RO          553    i.TIM6_IRQHandler   timer.o
    0x08005b84   0x00000060   Code   RO          554    i.TIM6_Int_Init     timer.o
    0x08005be4   0x00000006   Code   RO         1901    i.TIM_ClearFlag     stm32f10x_tim.o
    0x08005bea   0x00000006   Code   RO         1902    i.TIM_ClearITPendingBit  stm32f10x_tim.o
    0x08005bf0   0x00000014   Code   RO         1907    i.TIM_Cmd           stm32f10x_tim.o
    0x08005c04   0x00000004   Code   RO         1922    i.TIM_GetCapture1   stm32f10x_tim.o
    0x08005c08   0x00000004   Code   RO         1926    i.TIM_GetCounter    stm32f10x_tim.o
    0x08005c0c   0x0000000e   Code   RO         1927    i.TIM_GetFlagStatus  stm32f10x_tim.o
    0x08005c1a   0x00000018   Code   RO         1928    i.TIM_GetITStatus   stm32f10x_tim.o
    0x08005c32   0x00000010   Code   RO         1932    i.TIM_ITConfig      stm32f10x_tim.o
    0x08005c42   0x00000002   PAD
    0x08005c44   0x00000080   Code   RO         1936    i.TIM_OC1Init       stm32f10x_tim.o
    0x08005cc4   0x0000000c   Code   RO         1938    i.TIM_OC1PolarityConfig  stm32f10x_tim.o
    0x08005cd0   0x0000000c   Code   RO         1939    i.TIM_OC1PreloadConfig  stm32f10x_tim.o
    0x08005cdc   0x00000080   Code   RO         1941    i.TIM_OC2Init       stm32f10x_tim.o
    0x08005d5c   0x00000014   Code   RO         1944    i.TIM_OC2PreloadConfig  stm32f10x_tim.o
    0x08005d70   0x00000004   Code   RO         1966    i.TIM_SetAutoreload  stm32f10x_tim.o
    0x08005d74   0x00000004   Code   RO         1968    i.TIM_SetCompare1   stm32f10x_tim.o
    0x08005d78   0x00000004   Code   RO         1969    i.TIM_SetCompare2   stm32f10x_tim.o
    0x08005d7c   0x00000004   Code   RO         1972    i.TIM_SetCounter    stm32f10x_tim.o
    0x08005d80   0x0000009c   Code   RO         1978    i.TIM_TimeBaseInit  stm32f10x_tim.o
    0x08005e1c   0x00000060   Code   RO         2427    i.Timer4_Init       usmart.o
    0x08005e7c   0x00000064   Code   RO         1130    i.USART1_IRQHandler  usart.o
    0x08005ee0   0x00000014   Code   RO         1663    i.USART_Cmd         stm32f10x_usart.o
    0x08005ef4   0x0000003e   Code   RO         1667    i.USART_GetITStatus  stm32f10x_usart.o
    0x08005f32   0x00000030   Code   RO         1669    i.USART_ITConfig    stm32f10x_usart.o
    0x08005f62   0x00000002   PAD
    0x08005f64   0x000000ac   Code   RO         1670    i.USART_Init        stm32f10x_usart.o
    0x08006010   0x00000008   Code   RO         1677    i.USART_ReceiveData  stm32f10x_usart.o
    0x08006018   0x00000002   Code   RO          152    i.UsageFault_Handler  stm32f10x_it.o
    0x0800601a   0x00000028   Code   RO         2806    i.__ARM_fpclassify  m_ws.l(fpclassify.o)
    0x08006042   0x0000000e   Code   RO         2648    i._is_digit         c_w.l(__printf_wp.o)
    0x08006050   0x00000002   Code   RO         1131    i._sys_exit         usart.o
    0x08006052   0x00000002   PAD
    0x08006054   0x000000b8   Code   RO          722    i.cameraOperation   grey.o
    0x0800610c   0x00000124   Code   RO          723    i.cameraRefresh     grey.o
    0x08006230   0x0000003c   Code   RO         1075    i.delay_init        delay.o
    0x0800626c   0x00000034   Code   RO         1076    i.delay_ms          delay.o
    0x080062a0   0x00000034   Code   RO         1077    i.delay_us          delay.o
    0x080062d4   0x00000036   Code   RO          935    i.forward_ten       move.o
    0x0800630a   0x00000002   PAD
    0x0800630c   0x00000018   Code   RO         1132    i.fputc             usart.o
    0x08006324   0x00000130   Code   RO          725    i.getCmdByDeviLoc   grey.o
    0x08006454   0x00000124   Code   RO          815    i.getCmdBySlope     sendcmd.o
    0x08006578   0x00000114   Code   RO          726    i.getLineEdge       grey.o
    0x0800668c   0x00000194   Code   RO          727    i.getLineLocCompare2MidLine  grey.o
    0x08006820   0x00000084   Code   RO          728    i.getLineWidth      grey.o
    0x080068a4   0x00000102   Code   RO          729    i.getOneSideUsefulLine  grey.o
    0x080069a6   0x00000002   PAD
    0x080069a8   0x000000d8   Code   RO          730    i.getUsefulLine     grey.o
    0x08006a80   0x0000013c   Code   RO            2    i.main              main.o
    0x08006bbc   0x0000001c   Code   RO          731    i.memsetBothBlackLoc  grey.o
    0x08006bd8   0x000000c4   Code   RO          555    i.monitor_PWM_Init  timer.o
    0x08006c9c   0x00000068   Code   RO          936    i.motation          move.o
    0x08006d04   0x00000020   Code   RO          937    i.move_for_fencha   move.o
    0x08006d24   0x00000144   Code   RO          938    i.print2lcd         move.o
    0x08006e68   0x00000068   Code   RO          939    i.printStopMess     move.o
    0x08006ed0   0x00000004   Code   RO         2428    i.read_addr         usmart.o
    0x08006ed4   0x000001d0   Code   RO          798    i.regression        leastsquare.o
    0x080070a4   0x000000a4   Code   RO          997    i.right_add         l298n.o
    0x08007148   0x00000028   Code   RO          940    i.turn2L            move.o
    0x08007170   0x00000028   Code   RO          941    i.turn2R            move.o
    0x08007198   0x000000a0   Code   RO         1133    i.uart_init         usart.o
    0x08007238   0x00000094   Code   RO         2429    i.usmart_cmd_rec    usmart.o
    0x080072cc   0x00000260   Code   RO         2430    i.usmart_exe        usmart.o
    0x0800752c   0x0000009c   Code   RO         2530    i.usmart_get_aparm  usmart_str.o
    0x080075c8   0x0000002e   Code   RO         2531    i.usmart_get_cmdname  usmart_str.o
    0x080075f6   0x00000002   PAD
    0x080075f8   0x00000168   Code   RO         2532    i.usmart_get_fname  usmart_str.o
    0x08007760   0x000000d0   Code   RO         2533    i.usmart_get_fparam  usmart_str.o
    0x08007830   0x00000024   Code   RO         2534    i.usmart_get_parmpos  usmart_str.o
    0x08007854   0x00000038   Code   RO         2431    i.usmart_get_runtime  usmart.o
    0x0800788c   0x00000028   Code   RO         2432    i.usmart_init       usmart.o
    0x080078b4   0x00000010   Code   RO         2535    i.usmart_pow        usmart_str.o
    0x080078c4   0x00000030   Code   RO         2433    i.usmart_reset_runtime  usmart.o
    0x080078f4   0x000000a4   Code   RO         2434    i.usmart_scan       usmart.o
    0x08007998   0x00000010   Code   RO         2536    i.usmart_search_nextc  usmart_str.o
    0x080079a8   0x000000a0   Code   RO         2537    i.usmart_str2num    usmart_str.o
    0x08007a48   0x00000018   Code   RO         2538    i.usmart_strcmp     usmart_str.o
    0x08007a60   0x00000012   Code   RO         2539    i.usmart_strcopy    usmart_str.o
    0x08007a72   0x00000012   Code   RO         2540    i.usmart_strlen     usmart_str.o
    0x08007a84   0x00000670   Code   RO         2435    i.usmart_sys_cmd_exe  usmart.o
    0x080080f4   0x00000004   Code   RO         2436    i.write_addr        usmart.o
    0x080080f8   0x0000002c   Code   RO         2802    locale$$code        c_w.l(lc_numeric_c.o)
    0x08008124   0x00000150   Code   RO         2677    x$fpl$dadd          fz_ws.l(daddsub_clz.o)
    0x08008274   0x00000018   Code   RO         2735    x$fpl$dcmpinf       fz_ws.l(dcmpi.o)
    0x0800828c   0x000002b0   Code   RO         2684    x$fpl$ddiv          fz_ws.l(ddiv.o)
    0x0800853c   0x00000078   Code   RO         2687    x$fpl$deqf          fz_ws.l(deqf.o)
    0x080085b4   0x0000005e   Code   RO         2689    x$fpl$dfix          fz_ws.l(dfix.o)
    0x08008612   0x00000002   PAD
    0x08008614   0x0000005a   Code   RO         2693    x$fpl$dfixu         fz_ws.l(dfixu.o)
    0x0800866e   0x0000002e   Code   RO         2698    x$fpl$dflt          fz_ws.l(dflt_clz.o)
    0x0800869c   0x00000026   Code   RO         2697    x$fpl$dfltu         fz_ws.l(dflt_clz.o)
    0x080086c2   0x00000002   PAD
    0x080086c4   0x00000078   Code   RO         2703    x$fpl$dleqf         fz_ws.l(dleqf.o)
    0x0800873c   0x00000154   Code   RO         2705    x$fpl$dmul          fz_ws.l(dmul.o)
    0x08008890   0x0000009c   Code   RO         2737    x$fpl$dnaninf       fz_ws.l(dnaninf.o)
    0x0800892c   0x0000000c   Code   RO         2739    x$fpl$dretinf       fz_ws.l(dretinf.o)
    0x08008938   0x0000006c   Code   RO         2707    x$fpl$drleqf        fz_ws.l(drleqf.o)
    0x080089a4   0x00000016   Code   RO         2678    x$fpl$drsb          fz_ws.l(daddsub_clz.o)
    0x080089ba   0x00000002   PAD
    0x080089bc   0x000001d4   Code   RO         2679    x$fpl$dsub          fz_ws.l(daddsub_clz.o)
    0x08008b90   0x00000004   Code   RO         2717    x$fpl$printf1       fz_ws.l(printf1.o)
    0x08008b94   0x00000000   Code   RO         2745    x$fpl$usenofp       fz_ws.l(usenofp.o)
    0x08008b94   0x000017c0   Data   RO          320    .constdata          lcd.o
    0x0800a354   0x00000156   Data   RO          619    .constdata          ov7670.o
    0x0800a4aa   0x00000028   Data   RO         2621    .constdata          c_w.l(_printf_hex_int.o)
    0x0800a4d2   0x00000011   Data   RO         2656    .constdata          c_w.l(__printf_flags_ss_wp.o)
    0x0800a4e3   0x00000001   PAD
    0x0800a4e4   0x00000094   Data   RO         2773    .constdata          c_w.l(bigflt0.o)
    0x0800a578   0x00000028   Data   RO         2437    .conststring        usmart.o
    0x0800a5a0   0x000000df   Data   RO         2506    .conststring        usmart_config.o
    0x0800a67f   0x00000001   PAD
    0x0800a680   0x00000020   Data   RO         2942    Region$$Table       anon$$obj.o
    0x0800a6a0   0x0000001c   Data   RO         2801    locale$$data        c_w.l(lc_numeric_c.o)


    Execution Region RW_IRAM1 (Base: 0x20000000, Size: 0x00002cc0, Max: 0x00010000, ABSOLUTE, COMPRESSED[0x00000088])

    Base Addr    Size         Type   Attr      Idx    E Section Name        Object

    0x20000000   0x00000001   Data   RW            3    .data               main.o
    0x20000001   0x00000003   PAD
    0x20000004   0x00000004   Data   RW            4    .data               main.o
    0x20000008   0x00000014   Data   RW          230    .data               system_stm32f10x.o
    0x2000001c   0x00000004   Data   RW          321    .data               lcd.o
    0x20000020   0x00000001   Data   RW          494    .data               exti.o
    0x20000021   0x00000001   PAD
    0x20000022   0x00000004   Data   RW          557    .data               timer.o
    0x20000026   0x00000002   PAD
    0x20000028   0x00000010   Data   RW          734    .data               grey.o
    0x20000038   0x00000008   Data   RW          799    .data               leastsquare.o
    0x20000040   0x00000004   Data   RW          800    .data               leastsquare.o
    0x20000044   0x00000001   Data   RW          942    .data               move.o
    0x20000045   0x00000003   PAD
    0x20000048   0x00000008   Data   RW          999    .data               l298n.o
    0x20000050   0x00000004   Data   RW         1078    .data               delay.o
    0x20000054   0x00000002   Data   RW         1135    .data               usart.o
    0x20000056   0x00000002   PAD
    0x20000058   0x00000004   Data   RW         1136    .data               usart.o
    0x2000005c   0x00000014   Data   RW         1491    .data               stm32f10x_rcc.o
    0x20000070   0x0000001c   Data   RW         2438    .data               usmart.o
    0x2000008c   0x00000038   Data   RW         2507    .data               usmart_config.o
    0x200000c4   0x000000f4   Data   RW         2508    .data               usmart_config.o
    0x200001b8   0x0000000e   Zero   RW          319    .bss                lcd.o
    0x200001c6   0x000025d0   Zero   RW          733    .bss                grey.o
    0x20002796   0x000000c8   Zero   RW         1134    .bss                usart.o
    0x2000285e   0x00000002   PAD
    0x20002860   0x00000060   Zero   RW         2809    .bss                c_w.l(libspace.o)
    0x200028c0   0x00000000   Zero   RW         1183    HEAP                startup_stm32f10x_hd.o
    0x200028c0   0x00000400   Zero   RW         1182    STACK               startup_stm32f10x_hd.o


==============================================================================

Image component sizes


      Code (inc. data)   RO Data    RW Data    ZI Data      Debug   Object Name

       164         26          0          4          0       1539   delay.o
       350         46          0          1          0       3170   exti.o
      2094        184          0         16       9680       8990   grey.o
       528        152          0          8          0       4822   l298n.o
     14266        182       6080          4         14      52824   lcd.o
       464         12          0         12          0       1693   leastsquare.o
       356         86          0          5          0     264197   main.o
       144         16          0          0          0       1869   misc.o
       698        160          0          1          0       4677   move.o
       334         22        342          0          0       1920   ov7670.o
       630         40          0          0          0       4539   sccb.o
       292         28          0          0          0        812   sendcmd.o
        60         22        304          0       1024        784   startup_stm32f10x_hd.o
       156         14          0          0          0       1968   stm32f10x_exti.o
       232          6          0          0          0       1741   stm32f10x_fsmc.o
       306         12          0          0          0       4444   stm32f10x_gpio.o
        18          0          0          0          0       3498   stm32f10x_it.o
       220         34          0         20          0       4766   stm32f10x_rcc.o
       566         72          0          0          0      10655   stm32f10x_tim.o
       310          6          0          0          0       4478   stm32f10x_usart.o
         0          0          0          0          0         32   sys.o
       248         24          0         20          0       1645   system_stm32f10x.o
       564         64          0          4          0       3201   timer.o
       286         26          0          6        200       3900   usart.o
      2876       1332         40         28          0       7054   usmart.o
         0          0        223        300          0       1576   usmart_config.o
      1058         20          0          0          0       7335   usmart_str.o

    ----------------------------------------------------------------------
     27244       2586       7022        440      10920     408129   Object Totals
         0          0         32          0          0          0   (incl. Generated)
        24          0          1         11          2          0   (incl. Padding)

    ----------------------------------------------------------------------

      Code (inc. data)   RO Data    RW Data    ZI Data      Debug   Library Member Name

        90          0          0          0          0          0   __dczerorl2.o
         8          0          0          0          0         68   __main.o
       392          4         17          0          0         92   __printf_flags_ss_wp.o
        14          0          0          0          0         68   __printf_wp.o
         0          0          0          0          0          0   __rtentry.o
        12          0          0          0          0          0   __rtentry2.o
         6          0          0          0          0          0   __rtentry4.o
        52          8          0          0          0          0   __scatter.o
        28          0          0          0          0          0   __scatter_zi.o
         6          0          0          0          0          0   _printf_c.o
        44          0          0          0          0        108   _printf_char.o
        48          6          0          0          0         96   _printf_char_common.o
        36          4          0          0          0         80   _printf_char_file.o
         6          0          0          0          0          0   _printf_d.o
       120         16          0          0          0         92   _printf_dec.o
         6          0          0          0          0          0   _printf_f.o
      1050          0          0          0          0        216   _printf_fp_dec.o
       128         16          0          0          0         84   _printf_fp_infnan.o
        88          4         40          0          0         88   _printf_hex_int.o
       178          0          0          0          0         88   _printf_intcommon.o
        78          0          0          0          0        108   _printf_pad.o
         0          0          0          0          0          0   _printf_percent.o
         4          0          0          0          0          0   _printf_percent_end.o
         6          0          0          0          0          0   _printf_s.o
        82          0          0          0          0         80   _printf_str.o
         6          0          0          0          0          0   _printf_u.o
         6          0          0          0          0          0   _printf_x.o
        10          0          0          0          0         68   _sputc.o
       220          4        148          0          0         96   bigflt0.o
      1910        128          0          0          0        672   btod.o
        12          0          0          0          0         72   exit.o
         8          0          0          0          0         68   ferror.o
         6          0          0          0          0        152   heapauxi.o
        44         10         28          0          0         76   lc_numeric_c.o
         2          0          0          0          0          0   libinit.o
        18          0          0          0          0          0   libinit2.o
         2          0          0          0          0          0   libshutdown.o
         2          0          0          0          0          0   libshutdown2.o
         8          4          0          0         96         68   libspace.o
       138          0          0          0          0         80   lludiv10.o
        24          4          0          0          0         84   noretval__2printf.o
        40          6          0          0          0         84   noretval__2sprintf.o
         8          4          0          0          0         68   rt_locale_intlibspace.o
        68          0          0          0          0         68   rt_memclr.o
        78          0          0          0          0         80   rt_memclr_w.o
         2          0          0          0          0          0   rtexit.o
        10          0          0          0          0          0   rtexit2.o
       128          0          0          0          0         68   strcmpv7m.o
        62          0          0          0          0         76   strlen.o
        86          0          0          0          0         76   strncpy.o
        74          0          0          0          0         80   sys_stackheap_outer.o
         2          0          0          0          0         68   use_no_semi.o
         2          0          0          0          0         68   use_no_semi_2.o
       826         16          0          0          0        348   daddsub_clz.o
        24          0          0          0          0         68   dcmpi.o
       688        140          0          0          0        208   ddiv.o
       120          4          0          0          0         92   deqf.o
        94          4          0          0          0         92   dfix.o
        90          4          0          0          0         92   dfixu.o
        84          0          0          0          0        136   dflt_clz.o
       120          4          0          0          0         92   dleqf.o
       340         12          0          0          0        104   dmul.o
       156          4          0          0          0         92   dnaninf.o
        12          0          0          0          0         68   dretinf.o
       108          0          0          0          0         80   drleqf.o
         4          0          0          0          0         68   printf1.o
         0          0          0          0          0          0   usenofp.o
        40          0          0          0          0         68   fpclassify.o

    ----------------------------------------------------------------------
      8184        406        234          0         96       5048   Library Totals
        20          0          1          0          0          0   (incl. Padding)

    ----------------------------------------------------------------------

      Code (inc. data)   RO Data    RW Data    ZI Data      Debug   Library Name

      5458        218        233          0         96       3440   c_w.l
      2666        188          0          0          0       1540   fz_ws.l
        40          0          0          0          0         68   m_ws.l

    ----------------------------------------------------------------------
      8184        406        234          0         96       5048   Library Totals

    ----------------------------------------------------------------------

==============================================================================


      Code (inc. data)   RO Data    RW Data    ZI Data      Debug   

     35428       2992       7256        440      11016     403033   Grand Totals
     35428       2992       7256        136      11016     403033   ELF Image Totals (compressed)
     35428       2992       7256        136          0          0   ROM Totals

==============================================================================

    Total RO  Size (Code + RO Data)                42684 (  41.68kB)
    Total RW  Size (RW Data + ZI Data)             11456 (  11.19kB)
    Total ROM Size (Code + RO Data + RW Data)      42820 (  41.82kB)

==============================================================================

